0 verbose cli /Users/denis/.nvm/versions/node/v20.20.0/bin/node /Users/denis/.nvm/versions/node/v20.20.0/lib/node_modules/npm/bin/npm-cli.js
1 info using npm@10.8.2
2 info using node@v20.20.0
3 silly config load:file:/Users/denis/.nvm/versions/node/v20.20.0/lib/node_modules/npm/npmrc
4 silly config load:file:/Users/denis/Documents/Apps Development/DevopPortfolio/.npmrc
5 silly config load:file:/Users/denis/.npmrc
6 silly config load:file:/Users/denis/.nvm/versions/node/v20.20.0/etc/npmrc
7 verbose title npm exec create-next-app@latest nextjs-app
8 verbose argv "exec" "--" "create-next-app@latest" "nextjs-app"
9 verbose logfile logs-max:10 dir:/Users/denis/Documents/Apps Development/DevopPortfolio/.npm-cache/_logs/2026-02-27T21_41_26_043Z-
10 verbose logfile /Users/denis/Documents/Apps Development/DevopPortfolio/.npm-cache/_logs/2026-02-27T21_41_26_043Z-debug-0.log
11 silly logfile done cleaning log files
12 silly packumentCache heap:4345298944 maxSize:1086324736 maxEntrySize:543162368
13 http fetch GET 200 https://registry.npmjs.org/create-next-app 832ms (cache revalidated)
14 silly packumentCache heap:4345298944 maxSize:1086324736 maxEntrySize:543162368
15 silly packumentCache heap:4345298944 maxSize:1086324736 maxEntrySize:543162368
16 verbose cwd /Users/denis/Documents/Apps Development/DevopPortfolio
17 verbose os Darwin 20.6.0
18 verbose node v20.20.0
19 verbose npm  v10.8.2
20 verbose exit 0
21 info ok
