0 verbose cli /Users/denis/.nvm/versions/node/v20.20.0/bin/node /Users/denis/.nvm/versions/node/v20.20.0/bin/npm
1 info using npm@10.8.2
2 info using node@v20.20.0
3 silly config load:file:/Users/denis/.nvm/versions/node/v20.20.0/lib/node_modules/npm/npmrc
4 silly config load:file:/Users/denis/Documents/Apps Development/DevopPortfolio/nextjs-app/.npmrc
5 silly config load:file:/Users/denis/.npmrc
6 silly config load:file:/Users/denis/.nvm/versions/node/v20.20.0/etc/npmrc
7 verbose title npm install
8 verbose argv "install"
9 verbose logfile logs-max:10 dir:/Users/denis/Documents/Apps Development/DevopPortfolio/.npm-cache/_logs/2026-02-27T21_41_27_736Z-
10 verbose logfile /Users/denis/Documents/Apps Development/DevopPortfolio/.npm-cache/_logs/2026-02-27T21_41_27_736Z-debug-0.log
11 silly packumentCache heap:4345298944 maxSize:1086324736 maxEntrySize:543162368
12 silly logfile done cleaning log files
13 silly idealTree buildDeps
14 silly fetch manifest next@16.1.6
15 silly packumentCache full:https://registry.npmjs.org/next cache-miss
16 http fetch GET 200 https://registry.npmjs.org/next 9267ms (cache miss)
17 silly packumentCache full:https://registry.npmjs.org/next set size:undefined disposed:false
18 silly fetch manifest @opentelemetry/api@^1.1.0
19 silly packumentCache full:https://registry.npmjs.org/@opentelemetry%2fapi cache-miss
20 http fetch GET 200 https://registry.npmjs.org/@opentelemetry%2fapi 414ms (cache miss)
21 silly packumentCache full:https://registry.npmjs.org/@opentelemetry%2fapi set size:undefined disposed:false
22 silly fetch manifest @playwright/test@^1.51.1
23 silly packumentCache full:https://registry.npmjs.org/@playwright%2ftest cache-miss
24 http fetch GET 200 https://registry.npmjs.org/@playwright%2ftest 3218ms (cache miss)
25 silly packumentCache full:https://registry.npmjs.org/@playwright%2ftest set size:undefined disposed:false
26 silly fetch manifest babel-plugin-react-compiler@*
27 silly packumentCache full:https://registry.npmjs.org/babel-plugin-react-compiler cache-miss
28 http fetch GET 200 https://registry.npmjs.org/babel-plugin-react-compiler 397ms (cache miss)
29 silly packumentCache full:https://registry.npmjs.org/babel-plugin-react-compiler set size:undefined disposed:false
30 silly fetch manifest react@19.2.3
31 silly packumentCache full:https://registry.npmjs.org/react cache-miss
32 http fetch GET 200 https://registry.npmjs.org/react 2306ms (cache miss)
33 silly packumentCache full:https://registry.npmjs.org/react set size:undefined disposed:false
34 silly fetch manifest react-dom@19.2.3
35 silly packumentCache full:https://registry.npmjs.org/react-dom cache-miss
36 http fetch GET 200 https://registry.npmjs.org/react-dom 2127ms (cache miss)
37 silly packumentCache full:https://registry.npmjs.org/react-dom set size:undefined disposed:false
38 silly fetch manifest sass@^1.3.0
39 silly packumentCache full:https://registry.npmjs.org/sass cache-miss
40 http fetch GET 200 https://registry.npmjs.org/sass 447ms (cache miss)
41 silly packumentCache full:https://registry.npmjs.org/sass set size:undefined disposed:false
42 silly fetch manifest @tailwindcss/postcss@^4
43 silly packumentCache full:https://registry.npmjs.org/@tailwindcss%2fpostcss cache-miss
44 http fetch GET 200 https://registry.npmjs.org/@tailwindcss%2fpostcss 497ms (cache miss)
45 silly packumentCache full:https://registry.npmjs.org/@tailwindcss%2fpostcss set size:undefined disposed:false
46 silly fetch manifest @types/node@^20
47 silly packumentCache full:https://registry.npmjs.org/@types%2fnode cache-miss
48 http fetch GET 200 https://registry.npmjs.org/@types%2fnode 1981ms (cache miss)
49 silly packumentCache full:https://registry.npmjs.org/@types%2fnode set size:undefined disposed:false
50 silly fetch manifest @types/react@^19
51 silly packumentCache full:https://registry.npmjs.org/@types%2freact cache-miss
52 http fetch GET 200 https://registry.npmjs.org/@types%2freact 653ms (cache miss)
53 silly packumentCache full:https://registry.npmjs.org/@types%2freact set size:undefined disposed:false
54 silly fetch manifest @types/react-dom@^19
55 silly packumentCache full:https://registry.npmjs.org/@types%2freact-dom cache-miss
56 http fetch GET 200 https://registry.npmjs.org/@types%2freact-dom 481ms (cache miss)
57 silly packumentCache full:https://registry.npmjs.org/@types%2freact-dom set size:undefined disposed:false
58 silly fetch manifest tailwindcss@^4
59 silly packumentCache full:https://registry.npmjs.org/tailwindcss cache-miss
60 http fetch GET 200 https://registry.npmjs.org/tailwindcss 1846ms (cache miss)
61 silly packumentCache full:https://registry.npmjs.org/tailwindcss set size:undefined disposed:false
62 silly fetch manifest typescript@^5
63 silly packumentCache full:https://registry.npmjs.org/typescript cache-miss
64 http fetch GET 200 https://registry.npmjs.org/typescript 4135ms (cache miss)
65 silly packumentCache full:https://registry.npmjs.org/typescript set size:undefined disposed:false
66 silly placeDep ROOT @tailwindcss/postcss@4.2.1 OK for: nextjs-app@0.1.0 want: ^4
67 silly placeDep ROOT @types/node@20.19.35 OK for: nextjs-app@0.1.0 want: ^20
68 silly placeDep ROOT @types/react@19.2.14 OK for: nextjs-app@0.1.0 want: ^19
69 silly placeDep ROOT @types/react-dom@19.2.3 OK for: nextjs-app@0.1.0 want: ^19
70 silly placeDep ROOT next@16.1.6 OK for: nextjs-app@0.1.0 want: 16.1.6
71 silly placeDep ROOT react@19.2.3 OK for: next@16.1.6 want: ^18.2.0 || 19.0.0-rc-de68d2f4-20241204 || ^19.0.0
72 silly placeDep ROOT react-dom@19.2.3 OK for: next@16.1.6 want: ^18.2.0 || 19.0.0-rc-de68d2f4-20241204 || ^19.0.0
73 silly placeDep ROOT tailwindcss@4.2.1 OK for: nextjs-app@0.1.0 want: ^4
74 silly placeDep ROOT typescript@5.9.3 OK for: nextjs-app@0.1.0 want: ^5
75 silly fetch manifest postcss@^8.5.6
76 silly packumentCache full:https://registry.npmjs.org/postcss cache-miss
77 silly fetch manifest tailwindcss@4.2.1
78 silly packumentCache full:https://registry.npmjs.org/tailwindcss cache-miss
79 silly fetch manifest @alloc/quick-lru@^5.2.0
80 silly packumentCache full:https://registry.npmjs.org/@alloc%2fquick-lru cache-miss
81 silly fetch manifest @tailwindcss/node@4.2.1
82 silly packumentCache full:https://registry.npmjs.org/@tailwindcss%2fnode cache-miss
83 silly fetch manifest @tailwindcss/oxide@4.2.1
84 silly packumentCache full:https://registry.npmjs.org/@tailwindcss%2foxide cache-miss
85 silly fetch manifest undici-types@~6.21.0
86 silly packumentCache full:https://registry.npmjs.org/undici-types cache-miss
87 silly fetch manifest csstype@^3.2.2
88 silly packumentCache full:https://registry.npmjs.org/csstype cache-miss
89 http fetch GET 200 https://registry.npmjs.org/tailwindcss 44ms (cache hit)
90 silly packumentCache full:https://registry.npmjs.org/tailwindcss set size:10227949 disposed:false
91 silly fetch manifest postcss@8.4.31
92 silly packumentCache full:https://registry.npmjs.org/postcss cache-miss
93 http fetch GET 200 https://registry.npmjs.org/postcss 426ms (cache miss)
94 silly packumentCache full:https://registry.npmjs.org/postcss set size:undefined disposed:false
95 silly fetch manifest @next/env@16.1.6
96 silly packumentCache full:https://registry.npmjs.org/@next%2fenv cache-miss
97 http fetch GET 200 https://registry.npmjs.org/@alloc%2fquick-lru 1042ms (cache miss)
98 silly packumentCache full:https://registry.npmjs.org/@alloc%2fquick-lru set size:undefined disposed:false
99 silly fetch manifest styled-jsx@5.1.6
100 silly packumentCache full:https://registry.npmjs.org/styled-jsx cache-miss
101 http fetch GET 200 https://registry.npmjs.org/undici-types 1105ms (cache miss)
102 silly packumentCache full:https://registry.npmjs.org/undici-types set size:undefined disposed:false
103 silly fetch manifest @swc/helpers@0.5.15
104 silly packumentCache full:https://registry.npmjs.org/@swc%2fhelpers cache-miss
105 http fetch GET 200 https://registry.npmjs.org/csstype 1339ms (cache miss)
106 silly packumentCache full:https://registry.npmjs.org/csstype set size:undefined disposed:false
107 silly fetch manifest caniuse-lite@^1.0.30001579
108 silly packumentCache full:https://registry.npmjs.org/caniuse-lite cache-miss
109 http fetch GET 200 https://registry.npmjs.org/postcss 2044ms (cache miss)
110 silly packumentCache full:https://registry.npmjs.org/postcss set size:undefined disposed:false
111 silly fetch manifest baseline-browser-mapping@^2.8.3
112 silly packumentCache full:https://registry.npmjs.org/baseline-browser-mapping cache-miss
113 http fetch GET 200 https://registry.npmjs.org/@swc%2fhelpers 1071ms (cache miss)
114 silly packumentCache full:https://registry.npmjs.org/@swc%2fhelpers set size:undefined disposed:false
115 silly fetch manifest sharp@^0.34.4
116 silly packumentCache full:https://registry.npmjs.org/sharp cache-miss
117 http fetch GET 200 https://registry.npmjs.org/styled-jsx 1569ms (cache miss)
118 silly packumentCache full:https://registry.npmjs.org/styled-jsx set size:undefined disposed:false
119 silly fetch manifest @next/swc-darwin-x64@16.1.6
120 silly packumentCache full:https://registry.npmjs.org/@next%2fswc-darwin-x64 cache-miss
121 http fetch GET 200 https://registry.npmjs.org/baseline-browser-mapping 597ms (cache miss)
122 silly packumentCache full:https://registry.npmjs.org/baseline-browser-mapping set size:undefined disposed:false
123 silly fetch manifest @next/swc-darwin-arm64@16.1.6
124 silly packumentCache full:https://registry.npmjs.org/@next%2fswc-darwin-arm64 cache-miss
125 http fetch GET 200 https://registry.npmjs.org/@tailwindcss%2fnode 2930ms (cache miss)
126 silly packumentCache full:https://registry.npmjs.org/@tailwindcss%2fnode set size:undefined disposed:false
127 silly fetch manifest @next/swc-linux-x64-gnu@16.1.6
128 silly packumentCache full:https://registry.npmjs.org/@next%2fswc-linux-x64-gnu cache-miss
129 http fetch GET 200 https://registry.npmjs.org/@next%2fenv 2845ms (cache miss)
130 silly packumentCache full:https://registry.npmjs.org/@next%2fenv set size:undefined disposed:false
131 silly fetch manifest @next/swc-linux-x64-musl@16.1.6
132 silly packumentCache full:https://registry.npmjs.org/@next%2fswc-linux-x64-musl cache-miss
133 http fetch GET 200 https://registry.npmjs.org/sharp 1307ms (cache miss)
134 silly packumentCache full:https://registry.npmjs.org/sharp set size:undefined disposed:false
135 silly fetch manifest @next/swc-win32-x64-msvc@16.1.6
136 silly packumentCache full:https://registry.npmjs.org/@next%2fswc-win32-x64-msvc cache-miss
137 http fetch GET 200 https://registry.npmjs.org/@tailwindcss%2foxide 5422ms (cache miss)
138 silly packumentCache full:https://registry.npmjs.org/@tailwindcss%2foxide set size:undefined disposed:false
139 silly fetch manifest @next/swc-linux-arm64-gnu@16.1.6
140 silly packumentCache full:https://registry.npmjs.org/@next%2fswc-linux-arm64-gnu cache-miss
141 http fetch GET 200 https://registry.npmjs.org/@next%2fswc-linux-x64-musl 2143ms (cache miss)
142 silly packumentCache full:https://registry.npmjs.org/@next%2fswc-linux-x64-musl set size:undefined disposed:false
143 silly fetch manifest @next/swc-linux-arm64-musl@16.1.6
144 silly packumentCache full:https://registry.npmjs.org/@next%2fswc-linux-arm64-musl cache-miss
145 http fetch GET 200 https://registry.npmjs.org/caniuse-lite 5836ms (cache miss)
146 silly packumentCache full:https://registry.npmjs.org/caniuse-lite set size:undefined disposed:false
147 silly fetch manifest @next/swc-win32-arm64-msvc@16.1.6
148 silly packumentCache full:https://registry.npmjs.org/@next%2fswc-win32-arm64-msvc cache-miss
149 http fetch GET 200 https://registry.npmjs.org/@next%2fswc-linux-arm64-musl 3536ms (cache miss)
150 silly packumentCache full:https://registry.npmjs.org/@next%2fswc-linux-arm64-musl set size:undefined disposed:false
151 silly fetch manifest scheduler@^0.27.0
152 silly packumentCache full:https://registry.npmjs.org/scheduler cache-miss
153 http fetch GET 200 https://registry.npmjs.org/@next%2fswc-darwin-x64 6809ms (cache miss)
154 silly packumentCache full:https://registry.npmjs.org/@next%2fswc-darwin-x64 set size:undefined disposed:false
155 http fetch GET 200 https://registry.npmjs.org/@next%2fswc-darwin-arm64 6738ms (cache miss)
156 silly packumentCache full:https://registry.npmjs.org/@next%2fswc-darwin-arm64 set size:undefined disposed:false
157 http fetch GET 200 https://registry.npmjs.org/@next%2fswc-win32-x64-msvc 6119ms (cache miss)
158 silly packumentCache full:https://registry.npmjs.org/@next%2fswc-win32-x64-msvc set size:undefined disposed:false
159 http fetch GET 200 https://registry.npmjs.org/scheduler 2247ms (cache miss)
160 silly packumentCache full:https://registry.npmjs.org/scheduler set size:undefined disposed:false
161 http fetch GET 200 https://registry.npmjs.org/@next%2fswc-linux-x64-gnu 9172ms (cache miss)
162 silly packumentCache full:https://registry.npmjs.org/@next%2fswc-linux-x64-gnu set size:undefined disposed:false
163 http fetch GET 200 https://registry.npmjs.org/@next%2fswc-win32-arm64-msvc 6717ms (cache miss)
164 silly packumentCache full:https://registry.npmjs.org/@next%2fswc-win32-arm64-msvc set size:undefined disposed:false
165 http fetch GET 200 https://registry.npmjs.org/@next%2fswc-linux-arm64-gnu 8549ms (cache miss)
166 silly packumentCache full:https://registry.npmjs.org/@next%2fswc-linux-arm64-gnu set size:undefined disposed:false
167 silly placeDep ROOT @alloc/quick-lru@5.2.0 OK for: @tailwindcss/postcss@4.2.1 want: ^5.2.0
168 silly placeDep ROOT @tailwindcss/node@4.2.1 OK for: @tailwindcss/postcss@4.2.1 want: 4.2.1
169 silly placeDep ROOT @tailwindcss/oxide@4.2.1 OK for: @tailwindcss/postcss@4.2.1 want: 4.2.1
170 silly placeDep ROOT postcss@8.5.6 OK for: @tailwindcss/postcss@4.2.1 want: ^8.5.6
171 silly fetch manifest jiti@^2.6.1
172 silly packumentCache full:https://registry.npmjs.org/jiti cache-miss
173 silly fetch manifest lightningcss@1.31.1
174 silly packumentCache full:https://registry.npmjs.org/lightningcss cache-miss
175 silly fetch manifest magic-string@^0.30.21
176 silly packumentCache full:https://registry.npmjs.org/magic-string cache-miss
177 silly fetch manifest source-map-js@^1.2.1
178 silly packumentCache full:https://registry.npmjs.org/source-map-js cache-miss
179 silly fetch manifest enhanced-resolve@^5.19.0
180 silly packumentCache full:https://registry.npmjs.org/enhanced-resolve cache-miss
181 silly fetch manifest @jridgewell/remapping@^2.3.5
182 silly packumentCache full:https://registry.npmjs.org/@jridgewell%2fremapping cache-miss
183 silly fetch manifest @tailwindcss/oxide-darwin-x64@4.2.1
184 silly packumentCache full:https://registry.npmjs.org/@tailwindcss%2foxide-darwin-x64 cache-miss
185 http fetch GET 200 https://registry.npmjs.org/source-map-js 249ms (cache miss)
186 silly packumentCache full:https://registry.npmjs.org/source-map-js set size:undefined disposed:false
187 silly fetch manifest @tailwindcss/oxide-freebsd-x64@4.2.1
188 silly packumentCache full:https://registry.npmjs.org/@tailwindcss%2foxide-freebsd-x64 cache-miss
189 http fetch GET 200 https://registry.npmjs.org/@jridgewell%2fremapping 277ms (cache miss)
190 silly packumentCache full:https://registry.npmjs.org/@jridgewell%2fremapping set size:undefined disposed:false
191 silly fetch manifest @tailwindcss/oxide-wasm32-wasi@4.2.1
192 silly packumentCache full:https://registry.npmjs.org/@tailwindcss%2foxide-wasm32-wasi cache-miss
193 http fetch GET 200 https://registry.npmjs.org/lightningcss 303ms (cache miss)
194 silly packumentCache full:https://registry.npmjs.org/lightningcss set size:undefined disposed:false
195 silly fetch manifest @tailwindcss/oxide-darwin-arm64@4.2.1
196 silly packumentCache full:https://registry.npmjs.org/@tailwindcss%2foxide-darwin-arm64 cache-miss
197 http fetch GET 200 https://registry.npmjs.org/magic-string 502ms (cache miss)
198 silly packumentCache full:https://registry.npmjs.org/magic-string set size:undefined disposed:false
199 silly fetch manifest @tailwindcss/oxide-android-arm64@4.2.1
200 silly packumentCache full:https://registry.npmjs.org/@tailwindcss%2foxide-android-arm64 cache-miss
201 http fetch GET 200 https://registry.npmjs.org/jiti 537ms (cache miss)
202 silly packumentCache full:https://registry.npmjs.org/jiti set size:undefined disposed:false
203 silly fetch manifest @tailwindcss/oxide-linux-x64-gnu@4.2.1
204 silly packumentCache full:https://registry.npmjs.org/@tailwindcss%2foxide-linux-x64-gnu cache-miss
205 http fetch GET 200 https://registry.npmjs.org/enhanced-resolve 620ms (cache miss)
206 silly packumentCache full:https://registry.npmjs.org/enhanced-resolve set size:undefined disposed:false
207 silly fetch manifest @tailwindcss/oxide-linux-x64-musl@4.2.1
208 silly packumentCache full:https://registry.npmjs.org/@tailwindcss%2foxide-linux-x64-musl cache-miss
209 http fetch GET 200 https://registry.npmjs.org/@tailwindcss%2foxide-freebsd-x64 1026ms (cache miss)
210 silly packumentCache full:https://registry.npmjs.org/@tailwindcss%2foxide-freebsd-x64 set size:undefined disposed:false
211 silly fetch manifest @tailwindcss/oxide-win32-x64-msvc@4.2.1
212 silly packumentCache full:https://registry.npmjs.org/@tailwindcss%2foxide-win32-x64-msvc cache-miss
213 http fetch GET 200 https://registry.npmjs.org/@tailwindcss%2foxide-wasm32-wasi 1238ms (cache miss)
214 silly packumentCache full:https://registry.npmjs.org/@tailwindcss%2foxide-wasm32-wasi set size:undefined disposed:false
215 silly fetch manifest @tailwindcss/oxide-linux-arm64-gnu@4.2.1
216 silly packumentCache full:https://registry.npmjs.org/@tailwindcss%2foxide-linux-arm64-gnu cache-miss
217 http fetch GET 200 https://registry.npmjs.org/@tailwindcss%2foxide-android-arm64 1565ms (cache miss)
218 silly packumentCache full:https://registry.npmjs.org/@tailwindcss%2foxide-android-arm64 set size:undefined disposed:false
219 silly fetch manifest @tailwindcss/oxide-linux-arm64-musl@4.2.1
220 silly packumentCache full:https://registry.npmjs.org/@tailwindcss%2foxide-linux-arm64-musl cache-miss
221 http fetch GET 200 https://registry.npmjs.org/@tailwindcss%2foxide-win32-x64-msvc 1124ms (cache miss)
222 silly packumentCache full:https://registry.npmjs.org/@tailwindcss%2foxide-win32-x64-msvc set size:undefined disposed:false
223 silly fetch manifest @tailwindcss/oxide-win32-arm64-msvc@4.2.1
224 silly packumentCache full:https://registry.npmjs.org/@tailwindcss%2foxide-win32-arm64-msvc cache-miss
225 http fetch GET 200 https://registry.npmjs.org/@tailwindcss%2foxide-darwin-arm64 2147ms (cache miss)
226 silly packumentCache full:https://registry.npmjs.org/@tailwindcss%2foxide-darwin-arm64 set size:undefined disposed:false
227 silly fetch manifest @tailwindcss/oxide-linux-arm-gnueabihf@4.2.1
228 silly packumentCache full:https://registry.npmjs.org/@tailwindcss%2foxide-linux-arm-gnueabihf cache-miss
229 http fetch GET 200 https://registry.npmjs.org/@tailwindcss%2foxide-linux-x64-gnu 2367ms (cache miss)
230 silly packumentCache full:https://registry.npmjs.org/@tailwindcss%2foxide-linux-x64-gnu set size:undefined disposed:false
231 silly fetch manifest nanoid@^3.3.11
232 silly packumentCache full:https://registry.npmjs.org/nanoid cache-miss
233 http fetch GET 200 https://registry.npmjs.org/@tailwindcss%2foxide-win32-arm64-msvc 642ms (cache miss)
234 silly packumentCache full:https://registry.npmjs.org/@tailwindcss%2foxide-win32-arm64-msvc set size:undefined disposed:false
235 silly fetch manifest picocolors@^1.1.1
236 silly packumentCache full:https://registry.npmjs.org/picocolors cache-miss
237 http fetch GET 200 https://registry.npmjs.org/@tailwindcss%2foxide-darwin-x64 3194ms (cache miss)
238 silly packumentCache full:https://registry.npmjs.org/@tailwindcss%2foxide-darwin-x64 set size:undefined disposed:false
239 http fetch GET 200 https://registry.npmjs.org/picocolors 432ms (cache miss)
240 silly packumentCache full:https://registry.npmjs.org/picocolors set size:undefined disposed:false
241 http fetch GET 200 https://registry.npmjs.org/nanoid 715ms (cache miss)
242 silly packumentCache full:https://registry.npmjs.org/nanoid set size:undefined disposed:false
243 http fetch GET 200 https://registry.npmjs.org/@tailwindcss%2foxide-linux-x64-musl 3478ms (cache miss)
244 silly packumentCache full:https://registry.npmjs.org/@tailwindcss%2foxide-linux-x64-musl set size:undefined disposed:false
245 http fetch GET 200 https://registry.npmjs.org/@tailwindcss%2foxide-linux-arm64-gnu 2602ms (cache miss)
246 silly packumentCache full:https://registry.npmjs.org/@tailwindcss%2foxide-linux-arm64-gnu set size:undefined disposed:false
247 http fetch GET 200 https://registry.npmjs.org/@tailwindcss%2foxide-linux-arm64-musl 2227ms (cache miss)
248 silly packumentCache full:https://registry.npmjs.org/@tailwindcss%2foxide-linux-arm64-musl set size:undefined disposed:false
249 http fetch GET 200 https://registry.npmjs.org/@tailwindcss%2foxide-linux-arm-gnueabihf 1868ms (cache miss)
250 silly packumentCache full:https://registry.npmjs.org/@tailwindcss%2foxide-linux-arm-gnueabihf set size:undefined disposed:false
251 silly placeDep ROOT @jridgewell/remapping@2.3.5 OK for: @tailwindcss/node@4.2.1 want: ^2.3.5
252 silly placeDep ROOT enhanced-resolve@5.19.0 OK for: @tailwindcss/node@4.2.1 want: ^5.19.0
253 silly placeDep ROOT jiti@2.6.1 OK for: @tailwindcss/node@4.2.1 want: ^2.6.1
254 silly placeDep ROOT lightningcss@1.31.1 OK for: @tailwindcss/node@4.2.1 want: 1.31.1
255 silly placeDep ROOT magic-string@0.30.21 OK for: @tailwindcss/node@4.2.1 want: ^0.30.21
256 silly placeDep ROOT source-map-js@1.2.1 OK for: @tailwindcss/node@4.2.1 want: ^1.2.1
257 silly fetch manifest @jridgewell/gen-mapping@^0.3.5
258 silly packumentCache full:https://registry.npmjs.org/@jridgewell%2fgen-mapping cache-miss
259 silly fetch manifest @jridgewell/trace-mapping@^0.3.24
260 silly packumentCache full:https://registry.npmjs.org/@jridgewell%2ftrace-mapping cache-miss
261 silly fetch manifest graceful-fs@^4.2.4
262 silly packumentCache full:https://registry.npmjs.org/graceful-fs cache-miss
263 silly fetch manifest tapable@^2.3.0
264 silly packumentCache full:https://registry.npmjs.org/tapable cache-miss
265 silly fetch manifest detect-libc@^2.0.3
266 silly packumentCache full:https://registry.npmjs.org/detect-libc cache-miss
267 silly fetch manifest lightningcss-darwin-x64@1.31.1
268 silly packumentCache full:https://registry.npmjs.org/lightningcss-darwin-x64 cache-miss
269 silly fetch manifest lightningcss-linux-x64-gnu@1.31.1
270 silly packumentCache full:https://registry.npmjs.org/lightningcss-linux-x64-gnu cache-miss
271 http fetch GET 200 https://registry.npmjs.org/detect-libc 403ms (cache miss)
272 silly packumentCache full:https://registry.npmjs.org/detect-libc set size:undefined disposed:false
273 silly fetch manifest lightningcss-win32-x64-msvc@1.31.1
274 silly packumentCache full:https://registry.npmjs.org/lightningcss-win32-x64-msvc cache-miss
275 http fetch GET 200 https://registry.npmjs.org/lightningcss-darwin-x64 410ms (cache miss)
276 silly packumentCache full:https://registry.npmjs.org/lightningcss-darwin-x64 set size:undefined disposed:false
277 silly fetch manifest lightningcss-win32-arm64-msvc@1.31.1
278 silly packumentCache full:https://registry.npmjs.org/lightningcss-win32-arm64-msvc cache-miss
279 http fetch GET 200 https://registry.npmjs.org/@jridgewell%2ftrace-mapping 419ms (cache miss)
280 silly packumentCache full:https://registry.npmjs.org/@jridgewell%2ftrace-mapping set size:undefined disposed:false
281 silly fetch manifest lightningcss-darwin-arm64@1.31.1
282 silly packumentCache full:https://registry.npmjs.org/lightningcss-darwin-arm64 cache-miss
283 http fetch GET 200 https://registry.npmjs.org/@jridgewell%2fgen-mapping 434ms (cache miss)
284 silly packumentCache full:https://registry.npmjs.org/@jridgewell%2fgen-mapping set size:undefined disposed:false
285 silly fetch manifest lightningcss-linux-arm64-gnu@1.31.1
286 silly packumentCache full:https://registry.npmjs.org/lightningcss-linux-arm64-gnu cache-miss
287 http fetch GET 200 https://registry.npmjs.org/graceful-fs 525ms (cache miss)
288 silly packumentCache full:https://registry.npmjs.org/graceful-fs set size:undefined disposed:false
289 silly fetch manifest lightningcss-linux-arm-gnueabihf@1.31.1
290 silly packumentCache full:https://registry.npmjs.org/lightningcss-linux-arm-gnueabihf cache-miss
291 http fetch GET 200 https://registry.npmjs.org/lightningcss-linux-x64-gnu 524ms (cache miss)
292 silly packumentCache full:https://registry.npmjs.org/lightningcss-linux-x64-gnu set size:undefined disposed:false
293 silly fetch manifest lightningcss-linux-arm64-musl@1.31.1
294 silly packumentCache full:https://registry.npmjs.org/lightningcss-linux-arm64-musl cache-miss
295 http fetch GET 200 https://registry.npmjs.org/tapable 530ms (cache miss)
296 silly packumentCache full:https://registry.npmjs.org/tapable set size:undefined disposed:false
297 silly fetch manifest lightningcss-linux-x64-musl@1.31.1
298 silly packumentCache full:https://registry.npmjs.org/lightningcss-linux-x64-musl cache-miss
299 http fetch GET 200 https://registry.npmjs.org/lightningcss-win32-arm64-msvc 217ms (cache miss)
300 silly packumentCache full:https://registry.npmjs.org/lightningcss-win32-arm64-msvc set size:undefined disposed:false
301 silly fetch manifest lightningcss-freebsd-x64@1.31.1
302 silly packumentCache full:https://registry.npmjs.org/lightningcss-freebsd-x64 cache-miss
303 http fetch GET 200 https://registry.npmjs.org/lightningcss-darwin-arm64 263ms (cache miss)
304 silly packumentCache full:https://registry.npmjs.org/lightningcss-darwin-arm64 set size:undefined disposed:false
305 silly fetch manifest lightningcss-android-arm64@1.31.1
306 silly packumentCache full:https://registry.npmjs.org/lightningcss-android-arm64 cache-miss
307 http fetch GET 200 https://registry.npmjs.org/lightningcss-win32-x64-msvc 295ms (cache miss)
308 silly packumentCache full:https://registry.npmjs.org/lightningcss-win32-x64-msvc set size:undefined disposed:false
309 silly fetch manifest @jridgewell/sourcemap-codec@^1.5.5
310 silly packumentCache full:https://registry.npmjs.org/@jridgewell%2fsourcemap-codec cache-miss
311 http fetch GET 200 https://registry.npmjs.org/lightningcss-linux-arm64-gnu 292ms (cache miss)
312 silly packumentCache full:https://registry.npmjs.org/lightningcss-linux-arm64-gnu set size:undefined disposed:false
313 http fetch GET 200 https://registry.npmjs.org/lightningcss-linux-arm64-musl 236ms (cache miss)
314 silly packumentCache full:https://registry.npmjs.org/lightningcss-linux-arm64-musl set size:undefined disposed:false
315 http fetch GET 200 https://registry.npmjs.org/lightningcss-linux-arm-gnueabihf 275ms (cache miss)
316 silly packumentCache full:https://registry.npmjs.org/lightningcss-linux-arm-gnueabihf set size:undefined disposed:false
317 http fetch GET 200 https://registry.npmjs.org/lightningcss-linux-x64-musl 284ms (cache miss)
318 silly packumentCache full:https://registry.npmjs.org/lightningcss-linux-x64-musl set size:undefined disposed:false
319 http fetch GET 200 https://registry.npmjs.org/lightningcss-freebsd-x64 213ms (cache miss)
320 silly packumentCache full:https://registry.npmjs.org/lightningcss-freebsd-x64 set size:undefined disposed:false
321 http fetch GET 200 https://registry.npmjs.org/lightningcss-android-arm64 220ms (cache miss)
322 silly packumentCache full:https://registry.npmjs.org/lightningcss-android-arm64 set size:undefined disposed:false
323 http fetch GET 200 https://registry.npmjs.org/@jridgewell%2fsourcemap-codec 295ms (cache miss)
324 silly packumentCache full:https://registry.npmjs.org/@jridgewell%2fsourcemap-codec set size:undefined disposed:false
325 silly placeDep ROOT @jridgewell/gen-mapping@0.3.13 OK for: @jridgewell/remapping@2.3.5 want: ^0.3.5
326 silly placeDep ROOT @jridgewell/trace-mapping@0.3.31 OK for: @jridgewell/remapping@2.3.5 want: ^0.3.24
327 silly fetch manifest @jridgewell/sourcemap-codec@^1.5.0
328 silly packumentCache full:https://registry.npmjs.org/@jridgewell%2fsourcemap-codec cache-miss
329 silly fetch manifest @jridgewell/resolve-uri@^3.1.0
330 silly packumentCache full:https://registry.npmjs.org/@jridgewell%2fresolve-uri cache-miss
331 silly fetch manifest @jridgewell/sourcemap-codec@^1.4.14
332 silly packumentCache full:https://registry.npmjs.org/@jridgewell%2fsourcemap-codec cache-miss
333 http fetch GET 200 https://registry.npmjs.org/@jridgewell%2fsourcemap-codec 9ms (cache hit)
334 silly packumentCache full:https://registry.npmjs.org/@jridgewell%2fsourcemap-codec set size:59275 disposed:false
335 http fetch GET 200 https://registry.npmjs.org/@jridgewell%2fsourcemap-codec 12ms (cache hit)
336 silly packumentCache full:https://registry.npmjs.org/@jridgewell%2fsourcemap-codec set size:59275 disposed:false
337 silly packumentCache full:https://registry.npmjs.org/@jridgewell%2fsourcemap-codec dispose
338 http fetch GET 200 https://registry.npmjs.org/@jridgewell%2fresolve-uri 323ms (cache miss)
339 silly packumentCache full:https://registry.npmjs.org/@jridgewell%2fresolve-uri set size:undefined disposed:false
340 silly placeDep ROOT @jridgewell/sourcemap-codec@1.5.5 OK for: @jridgewell/gen-mapping@0.3.13 want: ^1.5.0
341 silly placeDep ROOT @jridgewell/resolve-uri@3.1.2 OK for: @jridgewell/trace-mapping@0.3.31 want: ^3.1.0
342 silly placeDep ROOT @tailwindcss/oxide-android-arm64@4.2.1 OK for: @tailwindcss/oxide@4.2.1 want: 4.2.1
343 silly placeDep ROOT @tailwindcss/oxide-darwin-arm64@4.2.1 OK for: @tailwindcss/oxide@4.2.1 want: 4.2.1
344 silly placeDep ROOT @tailwindcss/oxide-darwin-x64@4.2.1 OK for: @tailwindcss/oxide@4.2.1 want: 4.2.1
345 silly placeDep ROOT @tailwindcss/oxide-freebsd-x64@4.2.1 OK for: @tailwindcss/oxide@4.2.1 want: 4.2.1
346 silly placeDep ROOT @tailwindcss/oxide-linux-arm-gnueabihf@4.2.1 OK for: @tailwindcss/oxide@4.2.1 want: 4.2.1
347 silly placeDep ROOT @tailwindcss/oxide-linux-arm64-gnu@4.2.1 OK for: @tailwindcss/oxide@4.2.1 want: 4.2.1
348 silly placeDep ROOT @tailwindcss/oxide-linux-arm64-musl@4.2.1 OK for: @tailwindcss/oxide@4.2.1 want: 4.2.1
349 silly placeDep ROOT @tailwindcss/oxide-linux-x64-gnu@4.2.1 OK for: @tailwindcss/oxide@4.2.1 want: 4.2.1
350 silly placeDep ROOT @tailwindcss/oxide-linux-x64-musl@4.2.1 OK for: @tailwindcss/oxide@4.2.1 want: 4.2.1
351 silly placeDep ROOT @tailwindcss/oxide-wasm32-wasi@4.2.1 OK for: @tailwindcss/oxide@4.2.1 want: 4.2.1
352 silly placeDep ROOT @tailwindcss/oxide-win32-arm64-msvc@4.2.1 OK for: @tailwindcss/oxide@4.2.1 want: 4.2.1
353 silly placeDep ROOT @tailwindcss/oxide-win32-x64-msvc@4.2.1 OK for: @tailwindcss/oxide@4.2.1 want: 4.2.1
354 silly placeDep ROOT undici-types@6.21.0 OK for: @types/node@20.19.35 want: ~6.21.0
355 silly placeDep ROOT csstype@3.2.3 OK for: @types/react@19.2.14 want: ^3.2.2
356 silly placeDep ROOT graceful-fs@4.2.11 OK for: enhanced-resolve@5.19.0 want: ^4.2.4
357 silly placeDep ROOT tapable@2.3.0 OK for: enhanced-resolve@5.19.0 want: ^2.3.0
358 silly placeDep ROOT detect-libc@2.1.2 OK for: lightningcss@1.31.1 want: ^2.0.3
359 silly placeDep ROOT lightningcss-android-arm64@1.31.1 OK for: lightningcss@1.31.1 want: 1.31.1
360 silly placeDep ROOT lightningcss-darwin-arm64@1.31.1 OK for: lightningcss@1.31.1 want: 1.31.1
361 silly placeDep ROOT lightningcss-darwin-x64@1.31.1 OK for: lightningcss@1.31.1 want: 1.31.1
362 silly placeDep ROOT lightningcss-freebsd-x64@1.31.1 OK for: lightningcss@1.31.1 want: 1.31.1
363 silly placeDep ROOT lightningcss-linux-arm-gnueabihf@1.31.1 OK for: lightningcss@1.31.1 want: 1.31.1
364 silly placeDep ROOT lightningcss-linux-arm64-gnu@1.31.1 OK for: lightningcss@1.31.1 want: 1.31.1
365 silly placeDep ROOT lightningcss-linux-arm64-musl@1.31.1 OK for: lightningcss@1.31.1 want: 1.31.1
366 silly placeDep ROOT lightningcss-linux-x64-gnu@1.31.1 OK for: lightningcss@1.31.1 want: 1.31.1
367 silly placeDep ROOT lightningcss-linux-x64-musl@1.31.1 OK for: lightningcss@1.31.1 want: 1.31.1
368 silly placeDep ROOT lightningcss-win32-arm64-msvc@1.31.1 OK for: lightningcss@1.31.1 want: 1.31.1
369 silly placeDep ROOT lightningcss-win32-x64-msvc@1.31.1 OK for: lightningcss@1.31.1 want: 1.31.1
370 silly fetch manifest react@^18.2.0 || 19.0.0-rc-de68d2f4-20241204 || ^19.0.0
371 silly packumentCache full:https://registry.npmjs.org/react cache-miss
372 http fetch GET 200 https://registry.npmjs.org/react 19ms (cache hit)
373 silly packumentCache full:https://registry.npmjs.org/react set size:6523821 disposed:false
374 silly placeDep ROOT @next/env@16.1.6 OK for: next@16.1.6 want: 16.1.6
375 silly placeDep ROOT @next/swc-darwin-arm64@16.1.6 OK for: next@16.1.6 want: 16.1.6
376 silly placeDep ROOT @next/swc-darwin-x64@16.1.6 OK for: next@16.1.6 want: 16.1.6
377 silly placeDep ROOT @next/swc-linux-arm64-gnu@16.1.6 OK for: next@16.1.6 want: 16.1.6
378 silly placeDep ROOT @next/swc-linux-arm64-musl@16.1.6 OK for: next@16.1.6 want: 16.1.6
379 silly placeDep ROOT @next/swc-linux-x64-gnu@16.1.6 OK for: next@16.1.6 want: 16.1.6
380 silly placeDep ROOT @next/swc-linux-x64-musl@16.1.6 OK for: next@16.1.6 want: 16.1.6
381 silly placeDep ROOT @next/swc-win32-arm64-msvc@16.1.6 OK for: next@16.1.6 want: 16.1.6
382 silly placeDep ROOT @next/swc-win32-x64-msvc@16.1.6 OK for: next@16.1.6 want: 16.1.6
383 silly placeDep ROOT @swc/helpers@0.5.15 OK for: next@16.1.6 want: 0.5.15
384 silly placeDep ROOT baseline-browser-mapping@2.10.0 OK for: next@16.1.6 want: ^2.8.3
385 silly placeDep ROOT caniuse-lite@1.0.30001774 OK for: next@16.1.6 want: ^1.0.30001579
386 silly placeDep node_modules/next postcss@8.4.31 OK for: next@16.1.6 want: 8.4.31
387 silly placeDep ROOT sharp@0.34.5 OK for: next@16.1.6 want: ^0.34.4
388 silly placeDep ROOT styled-jsx@5.1.6 OK for: next@16.1.6 want: 5.1.6
389 silly fetch manifest tslib@^2.8.0
390 silly packumentCache full:https://registry.npmjs.org/tslib cache-miss
391 silly fetch manifest nanoid@^3.3.6
392 silly packumentCache full:https://registry.npmjs.org/nanoid cache-miss
393 silly fetch manifest picocolors@^1.0.0
394 silly packumentCache full:https://registry.npmjs.org/picocolors cache-miss
395 silly fetch manifest semver@^7.7.3
396 silly packumentCache full:https://registry.npmjs.org/semver cache-miss
397 silly fetch manifest @img/colour@^1.0.0
398 silly packumentCache full:https://registry.npmjs.org/@img%2fcolour cache-miss
399 silly fetch manifest @img/sharp-wasm32@0.34.5
400 silly packumentCache full:https://registry.npmjs.org/@img%2fsharp-wasm32 cache-miss
401 silly fetch manifest @img/sharp-linux-arm@0.34.5
402 silly packumentCache full:https://registry.npmjs.org/@img%2fsharp-linux-arm cache-miss
403 http fetch GET 200 https://registry.npmjs.org/picocolors 11ms (cache hit)
404 silly packumentCache full:https://registry.npmjs.org/picocolors set size:16648 disposed:false
405 silly fetch manifest @img/sharp-linux-x64@0.34.5
406 silly packumentCache full:https://registry.npmjs.org/@img%2fsharp-linux-x64 cache-miss
407 http fetch GET 200 https://registry.npmjs.org/nanoid 15ms (cache hit)
408 silly packumentCache full:https://registry.npmjs.org/nanoid set size:298419 disposed:false
409 silly fetch manifest @img/sharp-win32-x64@0.34.5
410 silly packumentCache full:https://registry.npmjs.org/@img%2fsharp-win32-x64 cache-miss
411 http fetch GET 200 https://registry.npmjs.org/@img%2fsharp-wasm32 302ms (cache miss)
412 silly packumentCache full:https://registry.npmjs.org/@img%2fsharp-wasm32 set size:undefined disposed:false
413 silly fetch manifest @img/sharp-darwin-x64@0.34.5
414 silly packumentCache full:https://registry.npmjs.org/@img%2fsharp-darwin-x64 cache-miss
415 http fetch GET 200 https://registry.npmjs.org/@img%2fcolour 308ms (cache miss)
416 silly packumentCache full:https://registry.npmjs.org/@img%2fcolour set size:undefined disposed:false
417 silly fetch manifest @img/sharp-win32-ia32@0.34.5
418 silly packumentCache full:https://registry.npmjs.org/@img%2fsharp-win32-ia32 cache-miss
419 http fetch GET 200 https://registry.npmjs.org/@img%2fsharp-linux-arm 317ms (cache miss)
420 silly packumentCache full:https://registry.npmjs.org/@img%2fsharp-linux-arm set size:undefined disposed:false
421 silly fetch manifest @img/sharp-linux-arm64@0.34.5
422 silly packumentCache full:https://registry.npmjs.org/@img%2fsharp-linux-arm64 cache-miss
423 http fetch GET 200 https://registry.npmjs.org/tslib 323ms (cache miss)
424 silly packumentCache full:https://registry.npmjs.org/tslib set size:undefined disposed:false
425 silly fetch manifest @img/sharp-linux-ppc64@0.34.5
426 silly packumentCache full:https://registry.npmjs.org/@img%2fsharp-linux-ppc64 cache-miss
427 http fetch GET 200 https://registry.npmjs.org/@img%2fsharp-win32-x64 314ms (cache miss)
428 silly packumentCache full:https://registry.npmjs.org/@img%2fsharp-win32-x64 set size:undefined disposed:false
429 silly fetch manifest @img/sharp-linux-s390x@0.34.5
430 silly packumentCache full:https://registry.npmjs.org/@img%2fsharp-linux-s390x cache-miss
431 http fetch GET 200 https://registry.npmjs.org/@img%2fsharp-linux-x64 357ms (cache miss)
432 silly packumentCache full:https://registry.npmjs.org/@img%2fsharp-linux-x64 set size:undefined disposed:false
433 silly fetch manifest @img/sharp-win32-arm64@0.34.5
434 silly packumentCache full:https://registry.npmjs.org/@img%2fsharp-win32-arm64 cache-miss
435 http fetch GET 200 https://registry.npmjs.org/semver 491ms (cache miss)
436 silly packumentCache full:https://registry.npmjs.org/semver set size:undefined disposed:false
437 silly fetch manifest @img/sharp-darwin-arm64@0.34.5
438 silly packumentCache full:https://registry.npmjs.org/@img%2fsharp-darwin-arm64 cache-miss
439 http fetch GET 200 https://registry.npmjs.org/@img%2fsharp-linux-ppc64 229ms (cache miss)
440 silly packumentCache full:https://registry.npmjs.org/@img%2fsharp-linux-ppc64 set size:undefined disposed:false
441 silly fetch manifest @img/sharp-linux-riscv64@0.34.5
442 silly packumentCache full:https://registry.npmjs.org/@img%2fsharp-linux-riscv64 cache-miss
443 http fetch GET 200 https://registry.npmjs.org/@img%2fsharp-linux-arm64 240ms (cache miss)
444 silly packumentCache full:https://registry.npmjs.org/@img%2fsharp-linux-arm64 set size:undefined disposed:false
445 silly fetch manifest @img/sharp-linuxmusl-x64@0.34.5
446 silly packumentCache full:https://registry.npmjs.org/@img%2fsharp-linuxmusl-x64 cache-miss
447 http fetch GET 200 https://registry.npmjs.org/@img%2fsharp-win32-ia32 289ms (cache miss)
448 silly packumentCache full:https://registry.npmjs.org/@img%2fsharp-win32-ia32 set size:undefined disposed:false
449 silly fetch manifest @img/sharp-linuxmusl-arm64@0.34.5
450 silly packumentCache full:https://registry.npmjs.org/@img%2fsharp-linuxmusl-arm64 cache-miss
451 http fetch GET 200 https://registry.npmjs.org/@img%2fsharp-linux-s390x 267ms (cache miss)
452 silly packumentCache full:https://registry.npmjs.org/@img%2fsharp-linux-s390x set size:undefined disposed:false
453 silly fetch manifest @img/sharp-libvips-linux-arm@1.2.4
454 silly packumentCache full:https://registry.npmjs.org/@img%2fsharp-libvips-linux-arm cache-miss
455 http fetch GET 200 https://registry.npmjs.org/@img%2fsharp-darwin-x64 404ms (cache miss)
456 silly packumentCache full:https://registry.npmjs.org/@img%2fsharp-darwin-x64 set size:undefined disposed:false
457 silly fetch manifest @img/sharp-libvips-linux-x64@1.2.4
458 silly packumentCache full:https://registry.npmjs.org/@img%2fsharp-libvips-linux-x64 cache-miss
459 http fetch GET 200 https://registry.npmjs.org/@img%2fsharp-darwin-arm64 248ms (cache miss)
460 silly packumentCache full:https://registry.npmjs.org/@img%2fsharp-darwin-arm64 set size:undefined disposed:false
461 silly fetch manifest @img/sharp-libvips-darwin-x64@1.2.4
462 silly packumentCache full:https://registry.npmjs.org/@img%2fsharp-libvips-darwin-x64 cache-miss
463 http fetch GET 200 https://registry.npmjs.org/@img%2fsharp-win32-arm64 420ms (cache miss)
464 silly packumentCache full:https://registry.npmjs.org/@img%2fsharp-win32-arm64 set size:undefined disposed:false
465 silly fetch manifest @img/sharp-libvips-linux-arm64@1.2.4
466 silly packumentCache full:https://registry.npmjs.org/@img%2fsharp-libvips-linux-arm64 cache-miss
467 http fetch GET 200 https://registry.npmjs.org/@img%2fsharp-linux-riscv64 245ms (cache miss)
468 silly packumentCache full:https://registry.npmjs.org/@img%2fsharp-linux-riscv64 set size:undefined disposed:false
469 silly fetch manifest @img/sharp-libvips-linux-ppc64@1.2.4
470 silly packumentCache full:https://registry.npmjs.org/@img%2fsharp-libvips-linux-ppc64 cache-miss
471 http fetch GET 200 https://registry.npmjs.org/@img%2fsharp-linuxmusl-x64 280ms (cache miss)
472 silly packumentCache full:https://registry.npmjs.org/@img%2fsharp-linuxmusl-x64 set size:undefined disposed:false
473 silly fetch manifest @img/sharp-libvips-linux-s390x@1.2.4
474 silly packumentCache full:https://registry.npmjs.org/@img%2fsharp-libvips-linux-s390x cache-miss
475 http fetch GET 200 https://registry.npmjs.org/@img%2fsharp-libvips-linux-arm 262ms (cache miss)
476 silly packumentCache full:https://registry.npmjs.org/@img%2fsharp-libvips-linux-arm set size:undefined disposed:false
477 silly fetch manifest @img/sharp-libvips-darwin-arm64@1.2.4
478 silly packumentCache full:https://registry.npmjs.org/@img%2fsharp-libvips-darwin-arm64 cache-miss
479 http fetch GET 200 https://registry.npmjs.org/@img%2fsharp-linuxmusl-arm64 284ms (cache miss)
480 silly packumentCache full:https://registry.npmjs.org/@img%2fsharp-linuxmusl-arm64 set size:undefined disposed:false
481 silly fetch manifest @img/sharp-libvips-linux-riscv64@1.2.4
482 silly packumentCache full:https://registry.npmjs.org/@img%2fsharp-libvips-linux-riscv64 cache-miss
483 http fetch GET 200 https://registry.npmjs.org/@img%2fsharp-libvips-linux-x64 241ms (cache miss)
484 silly packumentCache full:https://registry.npmjs.org/@img%2fsharp-libvips-linux-x64 set size:undefined disposed:false
485 silly fetch manifest @img/sharp-libvips-linuxmusl-x64@1.2.4
486 silly packumentCache full:https://registry.npmjs.org/@img%2fsharp-libvips-linuxmusl-x64 cache-miss
487 http fetch GET 200 https://registry.npmjs.org/@img%2fsharp-libvips-darwin-x64 224ms (cache miss)
488 silly packumentCache full:https://registry.npmjs.org/@img%2fsharp-libvips-darwin-x64 set size:undefined disposed:false
489 silly fetch manifest @img/sharp-libvips-linuxmusl-arm64@1.2.4
490 silly packumentCache full:https://registry.npmjs.org/@img%2fsharp-libvips-linuxmusl-arm64 cache-miss
491 http fetch GET 200 https://registry.npmjs.org/@img%2fsharp-libvips-linux-arm64 272ms (cache miss)
492 silly packumentCache full:https://registry.npmjs.org/@img%2fsharp-libvips-linux-arm64 set size:undefined disposed:false
493 silly fetch manifest client-only@0.0.1
494 silly packumentCache full:https://registry.npmjs.org/client-only cache-miss
495 http fetch GET 200 https://registry.npmjs.org/@img%2fsharp-libvips-linux-s390x 249ms (cache miss)
496 silly packumentCache full:https://registry.npmjs.org/@img%2fsharp-libvips-linux-s390x set size:undefined disposed:false
497 http fetch GET 200 https://registry.npmjs.org/@img%2fsharp-libvips-darwin-arm64 248ms (cache miss)
498 silly packumentCache full:https://registry.npmjs.org/@img%2fsharp-libvips-darwin-arm64 set size:undefined disposed:false
499 http fetch GET 200 https://registry.npmjs.org/@img%2fsharp-libvips-linux-riscv64 243ms (cache miss)
500 silly packumentCache full:https://registry.npmjs.org/@img%2fsharp-libvips-linux-riscv64 set size:undefined disposed:false
501 http fetch GET 200 https://registry.npmjs.org/@img%2fsharp-libvips-linux-ppc64 393ms (cache miss)
502 silly packumentCache full:https://registry.npmjs.org/@img%2fsharp-libvips-linux-ppc64 set size:undefined disposed:false
503 http fetch GET 200 https://registry.npmjs.org/@img%2fsharp-libvips-linuxmusl-x64 248ms (cache miss)
504 silly packumentCache full:https://registry.npmjs.org/@img%2fsharp-libvips-linuxmusl-x64 set size:undefined disposed:false
505 http fetch GET 200 https://registry.npmjs.org/@img%2fsharp-libvips-linuxmusl-arm64 247ms (cache miss)
506 silly packumentCache full:https://registry.npmjs.org/@img%2fsharp-libvips-linuxmusl-arm64 set size:undefined disposed:false
507 http fetch GET 200 https://registry.npmjs.org/client-only 209ms (cache miss)
508 silly packumentCache full:https://registry.npmjs.org/client-only set size:undefined disposed:false
509 silly placeDep ROOT tslib@2.8.1 OK for: @swc/helpers@0.5.15 want: ^2.8.0
510 silly placeDep ROOT nanoid@3.3.11 OK for: postcss@8.5.6 want: ^3.3.11
511 silly placeDep ROOT picocolors@1.1.1 OK for: postcss@8.5.6 want: ^1.1.1
512 silly placeDep ROOT scheduler@0.27.0 OK for: react-dom@19.2.3 want: ^0.27.0
513 silly placeDep ROOT @img/colour@1.0.0 OK for: sharp@0.34.5 want: ^1.0.0
514 silly placeDep ROOT @img/sharp-darwin-arm64@0.34.5 OK for: sharp@0.34.5 want: 0.34.5
515 silly placeDep ROOT @img/sharp-darwin-x64@0.34.5 OK for: sharp@0.34.5 want: 0.34.5
516 silly placeDep ROOT @img/sharp-libvips-darwin-arm64@1.2.4 OK for: sharp@0.34.5 want: 1.2.4
517 silly placeDep ROOT @img/sharp-libvips-darwin-x64@1.2.4 OK for: sharp@0.34.5 want: 1.2.4
518 silly placeDep ROOT @img/sharp-libvips-linux-arm@1.2.4 OK for: sharp@0.34.5 want: 1.2.4
519 silly placeDep ROOT @img/sharp-libvips-linux-arm64@1.2.4 OK for: sharp@0.34.5 want: 1.2.4
520 silly placeDep ROOT @img/sharp-libvips-linux-ppc64@1.2.4 OK for: sharp@0.34.5 want: 1.2.4
521 silly placeDep ROOT @img/sharp-libvips-linux-riscv64@1.2.4 OK for: sharp@0.34.5 want: 1.2.4
522 silly placeDep ROOT @img/sharp-libvips-linux-s390x@1.2.4 OK for: sharp@0.34.5 want: 1.2.4
523 silly placeDep ROOT @img/sharp-libvips-linux-x64@1.2.4 OK for: sharp@0.34.5 want: 1.2.4
524 silly placeDep ROOT @img/sharp-libvips-linuxmusl-arm64@1.2.4 OK for: sharp@0.34.5 want: 1.2.4
525 silly placeDep ROOT @img/sharp-libvips-linuxmusl-x64@1.2.4 OK for: sharp@0.34.5 want: 1.2.4
526 silly placeDep ROOT @img/sharp-linux-arm@0.34.5 OK for: sharp@0.34.5 want: 0.34.5
527 silly placeDep ROOT @img/sharp-linux-arm64@0.34.5 OK for: sharp@0.34.5 want: 0.34.5
528 silly placeDep ROOT @img/sharp-linux-ppc64@0.34.5 OK for: sharp@0.34.5 want: 0.34.5
529 silly placeDep ROOT @img/sharp-linux-riscv64@0.34.5 OK for: sharp@0.34.5 want: 0.34.5
530 silly placeDep ROOT @img/sharp-linux-s390x@0.34.5 OK for: sharp@0.34.5 want: 0.34.5
531 silly placeDep ROOT @img/sharp-linux-x64@0.34.5 OK for: sharp@0.34.5 want: 0.34.5
532 silly placeDep ROOT @img/sharp-linuxmusl-arm64@0.34.5 OK for: sharp@0.34.5 want: 0.34.5
533 silly placeDep ROOT @img/sharp-linuxmusl-x64@0.34.5 OK for: sharp@0.34.5 want: 0.34.5
534 silly placeDep ROOT @img/sharp-wasm32@0.34.5 OK for: sharp@0.34.5 want: 0.34.5
535 silly placeDep ROOT @img/sharp-win32-arm64@0.34.5 OK for: sharp@0.34.5 want: 0.34.5
536 silly placeDep ROOT @img/sharp-win32-ia32@0.34.5 OK for: sharp@0.34.5 want: 0.34.5
537 silly placeDep ROOT @img/sharp-win32-x64@0.34.5 OK for: sharp@0.34.5 want: 0.34.5
538 silly placeDep ROOT semver@7.7.4 OK for: sharp@0.34.5 want: ^7.7.3
539 silly fetch manifest @emnapi/runtime@^1.7.0
540 silly packumentCache full:https://registry.npmjs.org/@emnapi%2fruntime cache-miss
541 http fetch GET 200 https://registry.npmjs.org/@emnapi%2fruntime 319ms (cache miss)
542 silly packumentCache full:https://registry.npmjs.org/@emnapi%2fruntime set size:undefined disposed:false
543 silly placeDep ROOT @emnapi/runtime@1.8.1 OK for: @img/sharp-wasm32@0.34.5 want: ^1.7.0
544 silly placeDep ROOT client-only@0.0.1 OK for: styled-jsx@5.1.6 want: 0.0.1
545 silly reify moves {}
546 verbose reify failed optional dependency /Users/denis/Documents/Apps Development/DevopPortfolio/nextjs-app/node_modules/@tailwindcss/oxide-wasm32-wasi
547 silly reify mark deleted [
547 silly reify   '/Users/denis/Documents/Apps Development/DevopPortfolio/nextjs-app/node_modules/@tailwindcss/oxide-wasm32-wasi'
547 silly reify ]
548 silly audit bulk request {
548 silly audit   '@tailwindcss/postcss': [ '4.2.1' ],
548 silly audit   '@types/node': [ '20.19.35' ],
548 silly audit   '@types/react': [ '19.2.14' ],
548 silly audit   '@types/react-dom': [ '19.2.3' ],
548 silly audit   next: [ '16.1.6' ],
548 silly audit   react: [ '19.2.3' ],
548 silly audit   'react-dom': [ '19.2.3' ],
548 silly audit   tailwindcss: [ '4.2.1' ],
548 silly audit   typescript: [ '5.9.3' ],
548 silly audit   '@alloc/quick-lru': [ '5.2.0' ],
548 silly audit   '@tailwindcss/node': [ '4.2.1' ],
548 silly audit   '@tailwindcss/oxide': [ '4.2.1' ],
548 silly audit   postcss: [ '8.5.6', '8.4.31' ],
548 silly audit   '@jridgewell/remapping': [ '2.3.5' ],
548 silly audit   'enhanced-resolve': [ '5.19.0' ],
548 silly audit   jiti: [ '2.6.1' ],
548 silly audit   lightningcss: [ '1.31.1' ],
548 silly audit   'magic-string': [ '0.30.21' ],
548 silly audit   'source-map-js': [ '1.2.1' ],
548 silly audit   '@jridgewell/gen-mapping': [ '0.3.13' ],
548 silly audit   '@jridgewell/trace-mapping': [ '0.3.31' ],
548 silly audit   '@jridgewell/sourcemap-codec': [ '1.5.5' ],
548 silly audit   '@jridgewell/resolve-uri': [ '3.1.2' ],
548 silly audit   '@tailwindcss/oxide-android-arm64': [ '4.2.1' ],
548 silly audit   '@tailwindcss/oxide-darwin-arm64': [ '4.2.1' ],
548 silly audit   '@tailwindcss/oxide-darwin-x64': [ '4.2.1' ],
548 silly audit   '@tailwindcss/oxide-freebsd-x64': [ '4.2.1' ],
548 silly audit   '@tailwindcss/oxide-linux-arm-gnueabihf': [ '4.2.1' ],
548 silly audit   '@tailwindcss/oxide-linux-arm64-gnu': [ '4.2.1' ],
548 silly audit   '@tailwindcss/oxide-linux-arm64-musl': [ '4.2.1' ],
548 silly audit   '@tailwindcss/oxide-linux-x64-gnu': [ '4.2.1' ],
548 silly audit   '@tailwindcss/oxide-linux-x64-musl': [ '4.2.1' ],
548 silly audit   '@tailwindcss/oxide-win32-arm64-msvc': [ '4.2.1' ],
548 silly audit   '@tailwindcss/oxide-win32-x64-msvc': [ '4.2.1' ],
548 silly audit   'undici-types': [ '6.21.0' ],
548 silly audit   csstype: [ '3.2.3' ],
548 silly audit   'graceful-fs': [ '4.2.11' ],
548 silly audit   tapable: [ '2.3.0' ],
548 silly audit   'detect-libc': [ '2.1.2' ],
548 silly audit   'lightningcss-android-arm64': [ '1.31.1' ],
548 silly audit   'lightningcss-darwin-arm64': [ '1.31.1' ],
548 silly audit   'lightningcss-darwin-x64': [ '1.31.1' ],
548 silly audit   'lightningcss-freebsd-x64': [ '1.31.1' ],
548 silly audit   'lightningcss-linux-arm-gnueabihf': [ '1.31.1' ],
548 silly audit   'lightningcss-linux-arm64-gnu': [ '1.31.1' ],
548 silly audit   'lightningcss-linux-arm64-musl': [ '1.31.1' ],
548 silly audit   'lightningcss-linux-x64-gnu': [ '1.31.1' ],
548 silly audit   'lightningcss-linux-x64-musl': [ '1.31.1' ],
548 silly audit   'lightningcss-win32-arm64-msvc': [ '1.31.1' ],
548 silly audit   'lightningcss-win32-x64-msvc': [ '1.31.1' ],
548 silly audit   '@next/env': [ '16.1.6' ],
548 silly audit   '@next/swc-darwin-arm64': [ '16.1.6' ],
548 silly audit   '@next/swc-darwin-x64': [ '16.1.6' ],
548 silly audit   '@next/swc-linux-arm64-gnu': [ '16.1.6' ],
548 silly audit   '@next/swc-linux-arm64-musl': [ '16.1.6' ],
548 silly audit   '@next/swc-linux-x64-gnu': [ '16.1.6' ],
548 silly audit   '@next/swc-linux-x64-musl': [ '16.1.6' ],
548 silly audit   '@next/swc-win32-arm64-msvc': [ '16.1.6' ],
548 silly audit   '@next/swc-win32-x64-msvc': [ '16.1.6' ],
548 silly audit   '@swc/helpers': [ '0.5.15' ],
548 silly audit   'baseline-browser-mapping': [ '2.10.0' ],
548 silly audit   'caniuse-lite': [ '1.0.30001774' ],
548 silly audit   sharp: [ '0.34.5' ],
548 silly audit   'styled-jsx': [ '5.1.6' ],
548 silly audit   tslib: [ '2.8.1' ],
548 silly audit   nanoid: [ '3.3.11' ],
548 silly audit   picocolors: [ '1.1.1' ],
548 silly audit   scheduler: [ '0.27.0' ],
548 silly audit   '@img/colour': [ '1.0.0' ],
548 silly audit   '@img/sharp-darwin-arm64': [ '0.34.5' ],
548 silly audit   '@img/sharp-darwin-x64': [ '0.34.5' ],
548 silly audit   '@img/sharp-libvips-darwin-arm64': [ '1.2.4' ],
548 silly audit   '@img/sharp-libvips-darwin-x64': [ '1.2.4' ],
548 silly audit   '@img/sharp-libvips-linux-arm': [ '1.2.4' ],
548 silly audit   '@img/sharp-libvips-linux-arm64': [ '1.2.4' ],
548 silly audit   '@img/sharp-libvips-linux-ppc64': [ '1.2.4' ],
548 silly audit   '@img/sharp-libvips-linux-riscv64': [ '1.2.4' ],
548 silly audit   '@img/sharp-libvips-linux-s390x': [ '1.2.4' ],
548 silly audit   '@img/sharp-libvips-linux-x64': [ '1.2.4' ],
548 silly audit   '@img/sharp-libvips-linuxmusl-arm64': [ '1.2.4' ],
548 silly audit   '@img/sharp-libvips-linuxmusl-x64': [ '1.2.4' ],
548 silly audit   '@img/sharp-linux-arm': [ '0.34.5' ],
548 silly audit   '@img/sharp-linux-arm64': [ '0.34.5' ],
548 silly audit   '@img/sharp-linux-ppc64': [ '0.34.5' ],
548 silly audit   '@img/sharp-linux-riscv64': [ '0.34.5' ],
548 silly audit   '@img/sharp-linux-s390x': [ '0.34.5' ],
548 silly audit   '@img/sharp-linux-x64': [ '0.34.5' ],
548 silly audit   '@img/sharp-linuxmusl-arm64': [ '0.34.5' ],
548 silly audit   '@img/sharp-linuxmusl-x64': [ '0.34.5' ],
548 silly audit   '@img/sharp-wasm32': [ '0.34.5' ],
548 silly audit   '@img/sharp-win32-arm64': [ '0.34.5' ],
548 silly audit   '@img/sharp-win32-ia32': [ '0.34.5' ],
548 silly audit   '@img/sharp-win32-x64': [ '0.34.5' ],
548 silly audit   semver: [ '7.7.4' ],
548 silly audit   '@emnapi/runtime': [ '1.8.1' ],
548 silly audit   'client-only': [ '0.0.1' ],
548 silly audit   '@tailwindcss/oxide-wasm32-wasi': [ '4.2.1' ]
548 silly audit }
549 verbose reify failed optional dependency /Users/denis/Documents/Apps Development/DevopPortfolio/nextjs-app/node_modules/@img/sharp-win32-x64
550 silly reify mark deleted [
550 silly reify   '/Users/denis/Documents/Apps Development/DevopPortfolio/nextjs-app/node_modules/@img/sharp-win32-x64'
550 silly reify ]
551 verbose reify failed optional dependency /Users/denis/Documents/Apps Development/DevopPortfolio/nextjs-app/node_modules/@img/sharp-win32-ia32
552 silly reify mark deleted [
552 silly reify   '/Users/denis/Documents/Apps Development/DevopPortfolio/nextjs-app/node_modules/@img/sharp-win32-ia32'
552 silly reify ]
553 verbose reify failed optional dependency /Users/denis/Documents/Apps Development/DevopPortfolio/nextjs-app/node_modules/@img/sharp-win32-arm64
554 silly reify mark deleted [
554 silly reify   '/Users/denis/Documents/Apps Development/DevopPortfolio/nextjs-app/node_modules/@img/sharp-win32-arm64'
554 silly reify ]
555 verbose reify failed optional dependency /Users/denis/Documents/Apps Development/DevopPortfolio/nextjs-app/node_modules/@img/sharp-wasm32
556 silly reify mark deleted [
556 silly reify   '/Users/denis/Documents/Apps Development/DevopPortfolio/nextjs-app/node_modules/@img/sharp-wasm32'
556 silly reify ]
557 verbose reify failed optional dependency /Users/denis/Documents/Apps Development/DevopPortfolio/nextjs-app/node_modules/@img/sharp-linuxmusl-x64
558 silly reify mark deleted [
558 silly reify   '/Users/denis/Documents/Apps Development/DevopPortfolio/nextjs-app/node_modules/@img/sharp-linuxmusl-x64'
558 silly reify ]
559 verbose reify failed optional dependency /Users/denis/Documents/Apps Development/DevopPortfolio/nextjs-app/node_modules/@img/sharp-linuxmusl-arm64
560 silly reify mark deleted [
560 silly reify   '/Users/denis/Documents/Apps Development/DevopPortfolio/nextjs-app/node_modules/@img/sharp-linuxmusl-arm64'
560 silly reify ]
561 verbose reify failed optional dependency /Users/denis/Documents/Apps Development/DevopPortfolio/nextjs-app/node_modules/@img/sharp-linux-x64
562 silly reify mark deleted [
562 silly reify   '/Users/denis/Documents/Apps Development/DevopPortfolio/nextjs-app/node_modules/@img/sharp-linux-x64'
562 silly reify ]
563 verbose reify failed optional dependency /Users/denis/Documents/Apps Development/DevopPortfolio/nextjs-app/node_modules/@img/sharp-linux-s390x
564 silly reify mark deleted [
564 silly reify   '/Users/denis/Documents/Apps Development/DevopPortfolio/nextjs-app/node_modules/@img/sharp-linux-s390x'
564 silly reify ]
565 verbose reify failed optional dependency /Users/denis/Documents/Apps Development/DevopPortfolio/nextjs-app/node_modules/@img/sharp-linux-riscv64
566 silly reify mark deleted [
566 silly reify   '/Users/denis/Documents/Apps Development/DevopPortfolio/nextjs-app/node_modules/@img/sharp-linux-riscv64'
566 silly reify ]
567 verbose reify failed optional dependency /Users/denis/Documents/Apps Development/DevopPortfolio/nextjs-app/node_modules/@img/sharp-linux-ppc64
568 silly reify mark deleted [
568 silly reify   '/Users/denis/Documents/Apps Development/DevopPortfolio/nextjs-app/node_modules/@img/sharp-linux-ppc64'
568 silly reify ]
569 verbose reify failed optional dependency /Users/denis/Documents/Apps Development/DevopPortfolio/nextjs-app/node_modules/@img/sharp-linux-arm64
570 silly reify mark deleted [
570 silly reify   '/Users/denis/Documents/Apps Development/DevopPortfolio/nextjs-app/node_modules/@img/sharp-linux-arm64'
570 silly reify ]
571 verbose reify failed optional dependency /Users/denis/Documents/Apps Development/DevopPortfolio/nextjs-app/node_modules/@img/sharp-linux-arm
572 silly reify mark deleted [
572 silly reify   '/Users/denis/Documents/Apps Development/DevopPortfolio/nextjs-app/node_modules/@img/sharp-linux-arm'
572 silly reify ]
573 verbose reify failed optional dependency /Users/denis/Documents/Apps Development/DevopPortfolio/nextjs-app/node_modules/@img/sharp-libvips-linuxmusl-x64
574 silly reify mark deleted [
574 silly reify   '/Users/denis/Documents/Apps Development/DevopPortfolio/nextjs-app/node_modules/@img/sharp-libvips-linuxmusl-x64'
574 silly reify ]
575 verbose reify failed optional dependency /Users/denis/Documents/Apps Development/DevopPortfolio/nextjs-app/node_modules/@img/sharp-libvips-linuxmusl-arm64
576 silly reify mark deleted [
576 silly reify   '/Users/denis/Documents/Apps Development/DevopPortfolio/nextjs-app/node_modules/@img/sharp-libvips-linuxmusl-arm64'
576 silly reify ]
577 verbose reify failed optional dependency /Users/denis/Documents/Apps Development/DevopPortfolio/nextjs-app/node_modules/@img/sharp-libvips-linux-x64
578 silly reify mark deleted [
578 silly reify   '/Users/denis/Documents/Apps Development/DevopPortfolio/nextjs-app/node_modules/@img/sharp-libvips-linux-x64'
578 silly reify ]
579 verbose reify failed optional dependency /Users/denis/Documents/Apps Development/DevopPortfolio/nextjs-app/node_modules/@img/sharp-libvips-linux-s390x
580 silly reify mark deleted [
580 silly reify   '/Users/denis/Documents/Apps Development/DevopPortfolio/nextjs-app/node_modules/@img/sharp-libvips-linux-s390x'
580 silly reify ]
581 verbose reify failed optional dependency /Users/denis/Documents/Apps Development/DevopPortfolio/nextjs-app/node_modules/@img/sharp-libvips-linux-riscv64
582 silly reify mark deleted [
582 silly reify   '/Users/denis/Documents/Apps Development/DevopPortfolio/nextjs-app/node_modules/@img/sharp-libvips-linux-riscv64'
582 silly reify ]
583 verbose reify failed optional dependency /Users/denis/Documents/Apps Development/DevopPortfolio/nextjs-app/node_modules/@img/sharp-libvips-linux-ppc64
584 silly reify mark deleted [
584 silly reify   '/Users/denis/Documents/Apps Development/DevopPortfolio/nextjs-app/node_modules/@img/sharp-libvips-linux-ppc64'
584 silly reify ]
585 verbose reify failed optional dependency /Users/denis/Documents/Apps Development/DevopPortfolio/nextjs-app/node_modules/@img/sharp-libvips-linux-arm64
586 silly reify mark deleted [
586 silly reify   '/Users/denis/Documents/Apps Development/DevopPortfolio/nextjs-app/node_modules/@img/sharp-libvips-linux-arm64'
586 silly reify ]
587 verbose reify failed optional dependency /Users/denis/Documents/Apps Development/DevopPortfolio/nextjs-app/node_modules/@img/sharp-libvips-linux-arm
588 silly reify mark deleted [
588 silly reify   '/Users/denis/Documents/Apps Development/DevopPortfolio/nextjs-app/node_modules/@img/sharp-libvips-linux-arm'
588 silly reify ]
589 verbose reify failed optional dependency /Users/denis/Documents/Apps Development/DevopPortfolio/nextjs-app/node_modules/@img/sharp-libvips-darwin-arm64
590 silly reify mark deleted [
590 silly reify   '/Users/denis/Documents/Apps Development/DevopPortfolio/nextjs-app/node_modules/@img/sharp-libvips-darwin-arm64'
590 silly reify ]
591 verbose reify failed optional dependency /Users/denis/Documents/Apps Development/DevopPortfolio/nextjs-app/node_modules/@img/sharp-darwin-arm64
592 silly reify mark deleted [
592 silly reify   '/Users/denis/Documents/Apps Development/DevopPortfolio/nextjs-app/node_modules/@img/sharp-darwin-arm64'
592 silly reify ]
593 verbose reify failed optional dependency /Users/denis/Documents/Apps Development/DevopPortfolio/nextjs-app/node_modules/@next/swc-win32-x64-msvc
594 silly reify mark deleted [
594 silly reify   '/Users/denis/Documents/Apps Development/DevopPortfolio/nextjs-app/node_modules/@next/swc-win32-x64-msvc'
594 silly reify ]
595 verbose reify failed optional dependency /Users/denis/Documents/Apps Development/DevopPortfolio/nextjs-app/node_modules/@next/swc-win32-arm64-msvc
596 silly reify mark deleted [
596 silly reify   '/Users/denis/Documents/Apps Development/DevopPortfolio/nextjs-app/node_modules/@next/swc-win32-arm64-msvc'
596 silly reify ]
597 verbose reify failed optional dependency /Users/denis/Documents/Apps Development/DevopPortfolio/nextjs-app/node_modules/@next/swc-linux-x64-musl
598 silly reify mark deleted [
598 silly reify   '/Users/denis/Documents/Apps Development/DevopPortfolio/nextjs-app/node_modules/@next/swc-linux-x64-musl'
598 silly reify ]
599 verbose reify failed optional dependency /Users/denis/Documents/Apps Development/DevopPortfolio/nextjs-app/node_modules/@next/swc-linux-x64-gnu
600 silly reify mark deleted [
600 silly reify   '/Users/denis/Documents/Apps Development/DevopPortfolio/nextjs-app/node_modules/@next/swc-linux-x64-gnu'
600 silly reify ]
601 verbose reify failed optional dependency /Users/denis/Documents/Apps Development/DevopPortfolio/nextjs-app/node_modules/@next/swc-linux-arm64-musl
602 silly reify mark deleted [
602 silly reify   '/Users/denis/Documents/Apps Development/DevopPortfolio/nextjs-app/node_modules/@next/swc-linux-arm64-musl'
602 silly reify ]
603 verbose reify failed optional dependency /Users/denis/Documents/Apps Development/DevopPortfolio/nextjs-app/node_modules/@next/swc-linux-arm64-gnu
604 silly reify mark deleted [
604 silly reify   '/Users/denis/Documents/Apps Development/DevopPortfolio/nextjs-app/node_modules/@next/swc-linux-arm64-gnu'
604 silly reify ]
605 verbose reify failed optional dependency /Users/denis/Documents/Apps Development/DevopPortfolio/nextjs-app/node_modules/@next/swc-darwin-arm64
606 silly reify mark deleted [
606 silly reify   '/Users/denis/Documents/Apps Development/DevopPortfolio/nextjs-app/node_modules/@next/swc-darwin-arm64'
606 silly reify ]
607 verbose reify failed optional dependency /Users/denis/Documents/Apps Development/DevopPortfolio/nextjs-app/node_modules/lightningcss-win32-x64-msvc
608 silly reify mark deleted [
608 silly reify   '/Users/denis/Documents/Apps Development/DevopPortfolio/nextjs-app/node_modules/lightningcss-win32-x64-msvc'
608 silly reify ]
609 verbose reify failed optional dependency /Users/denis/Documents/Apps Development/DevopPortfolio/nextjs-app/node_modules/lightningcss-win32-arm64-msvc
610 silly reify mark deleted [
610 silly reify   '/Users/denis/Documents/Apps Development/DevopPortfolio/nextjs-app/node_modules/lightningcss-win32-arm64-msvc'
610 silly reify ]
611 verbose reify failed optional dependency /Users/denis/Documents/Apps Development/DevopPortfolio/nextjs-app/node_modules/lightningcss-linux-x64-musl
612 silly reify mark deleted [
612 silly reify   '/Users/denis/Documents/Apps Development/DevopPortfolio/nextjs-app/node_modules/lightningcss-linux-x64-musl'
612 silly reify ]
613 verbose reify failed optional dependency /Users/denis/Documents/Apps Development/DevopPortfolio/nextjs-app/node_modules/lightningcss-linux-x64-gnu
614 silly reify mark deleted [
614 silly reify   '/Users/denis/Documents/Apps Development/DevopPortfolio/nextjs-app/node_modules/lightningcss-linux-x64-gnu'
614 silly reify ]
615 verbose reify failed optional dependency /Users/denis/Documents/Apps Development/DevopPortfolio/nextjs-app/node_modules/lightningcss-linux-arm64-musl
616 silly reify mark deleted [
616 silly reify   '/Users/denis/Documents/Apps Development/DevopPortfolio/nextjs-app/node_modules/lightningcss-linux-arm64-musl'
616 silly reify ]
617 verbose reify failed optional dependency /Users/denis/Documents/Apps Development/DevopPortfolio/nextjs-app/node_modules/lightningcss-linux-arm64-gnu
618 silly reify mark deleted [
618 silly reify   '/Users/denis/Documents/Apps Development/DevopPortfolio/nextjs-app/node_modules/lightningcss-linux-arm64-gnu'
618 silly reify ]
619 verbose reify failed optional dependency /Users/denis/Documents/Apps Development/DevopPortfolio/nextjs-app/node_modules/lightningcss-linux-arm-gnueabihf
620 silly reify mark deleted [
620 silly reify   '/Users/denis/Documents/Apps Development/DevopPortfolio/nextjs-app/node_modules/lightningcss-linux-arm-gnueabihf'
620 silly reify ]
621 verbose reify failed optional dependency /Users/denis/Documents/Apps Development/DevopPortfolio/nextjs-app/node_modules/lightningcss-freebsd-x64
622 silly reify mark deleted [
622 silly reify   '/Users/denis/Documents/Apps Development/DevopPortfolio/nextjs-app/node_modules/lightningcss-freebsd-x64'
622 silly reify ]
623 verbose reify failed optional dependency /Users/denis/Documents/Apps Development/DevopPortfolio/nextjs-app/node_modules/lightningcss-darwin-arm64
624 silly reify mark deleted [
624 silly reify   '/Users/denis/Documents/Apps Development/DevopPortfolio/nextjs-app/node_modules/lightningcss-darwin-arm64'
624 silly reify ]
625 verbose reify failed optional dependency /Users/denis/Documents/Apps Development/DevopPortfolio/nextjs-app/node_modules/lightningcss-android-arm64
626 silly reify mark deleted [
626 silly reify   '/Users/denis/Documents/Apps Development/DevopPortfolio/nextjs-app/node_modules/lightningcss-android-arm64'
626 silly reify ]
627 verbose reify failed optional dependency /Users/denis/Documents/Apps Development/DevopPortfolio/nextjs-app/node_modules/@tailwindcss/oxide-win32-x64-msvc
628 silly reify mark deleted [
628 silly reify   '/Users/denis/Documents/Apps Development/DevopPortfolio/nextjs-app/node_modules/@tailwindcss/oxide-win32-x64-msvc'
628 silly reify ]
629 verbose reify failed optional dependency /Users/denis/Documents/Apps Development/DevopPortfolio/nextjs-app/node_modules/@tailwindcss/oxide-win32-arm64-msvc
630 silly reify mark deleted [
630 silly reify   '/Users/denis/Documents/Apps Development/DevopPortfolio/nextjs-app/node_modules/@tailwindcss/oxide-win32-arm64-msvc'
630 silly reify ]
631 verbose reify failed optional dependency /Users/denis/Documents/Apps Development/DevopPortfolio/nextjs-app/node_modules/@tailwindcss/oxide-linux-x64-musl
632 silly reify mark deleted [
632 silly reify   '/Users/denis/Documents/Apps Development/DevopPortfolio/nextjs-app/node_modules/@tailwindcss/oxide-linux-x64-musl'
632 silly reify ]
633 verbose reify failed optional dependency /Users/denis/Documents/Apps Development/DevopPortfolio/nextjs-app/node_modules/@tailwindcss/oxide-linux-x64-gnu
634 silly reify mark deleted [
634 silly reify   '/Users/denis/Documents/Apps Development/DevopPortfolio/nextjs-app/node_modules/@tailwindcss/oxide-linux-x64-gnu'
634 silly reify ]
635 verbose reify failed optional dependency /Users/denis/Documents/Apps Development/DevopPortfolio/nextjs-app/node_modules/@tailwindcss/oxide-linux-arm64-musl
636 silly reify mark deleted [
636 silly reify   '/Users/denis/Documents/Apps Development/DevopPortfolio/nextjs-app/node_modules/@tailwindcss/oxide-linux-arm64-musl'
636 silly reify ]
637 verbose reify failed optional dependency /Users/denis/Documents/Apps Development/DevopPortfolio/nextjs-app/node_modules/@tailwindcss/oxide-linux-arm64-gnu
638 silly reify mark deleted [
638 silly reify   '/Users/denis/Documents/Apps Development/DevopPortfolio/nextjs-app/node_modules/@tailwindcss/oxide-linux-arm64-gnu'
638 silly reify ]
639 verbose reify failed optional dependency /Users/denis/Documents/Apps Development/DevopPortfolio/nextjs-app/node_modules/@tailwindcss/oxide-linux-arm-gnueabihf
640 silly reify mark deleted [
640 silly reify   '/Users/denis/Documents/Apps Development/DevopPortfolio/nextjs-app/node_modules/@tailwindcss/oxide-linux-arm-gnueabihf'
640 silly reify ]
641 verbose reify failed optional dependency /Users/denis/Documents/Apps Development/DevopPortfolio/nextjs-app/node_modules/@tailwindcss/oxide-freebsd-x64
642 silly reify mark deleted [
642 silly reify   '/Users/denis/Documents/Apps Development/DevopPortfolio/nextjs-app/node_modules/@tailwindcss/oxide-freebsd-x64'
642 silly reify ]
643 verbose reify failed optional dependency /Users/denis/Documents/Apps Development/DevopPortfolio/nextjs-app/node_modules/@tailwindcss/oxide-darwin-arm64
644 silly reify mark deleted [
644 silly reify   '/Users/denis/Documents/Apps Development/DevopPortfolio/nextjs-app/node_modules/@tailwindcss/oxide-darwin-arm64'
644 silly reify ]
645 verbose reify failed optional dependency /Users/denis/Documents/Apps Development/DevopPortfolio/nextjs-app/node_modules/@tailwindcss/oxide-android-arm64
646 silly reify mark deleted [
646 silly reify   '/Users/denis/Documents/Apps Development/DevopPortfolio/nextjs-app/node_modules/@tailwindcss/oxide-android-arm64'
646 silly reify ]
647 silly tarball no local data for client-only@https://registry.npmjs.org/client-only/-/client-only-0.0.1.tgz. Extracting by manifest.
648 silly tarball no local data for @img/sharp-libvips-darwin-x64@https://registry.npmjs.org/@img/sharp-libvips-darwin-x64/-/sharp-libvips-darwin-x64-1.2.4.tgz. Extracting by manifest.
649 silly tarball no local data for semver@https://registry.npmjs.org/semver/-/semver-7.7.4.tgz. Extracting by manifest.
650 silly tarball no local data for @emnapi/runtime@https://registry.npmjs.org/@emnapi/runtime/-/runtime-1.8.1.tgz. Extracting by manifest.
651 silly tarball no local data for @img/colour@https://registry.npmjs.org/@img/colour/-/colour-1.0.0.tgz. Extracting by manifest.
652 silly tarball no local data for scheduler@https://registry.npmjs.org/scheduler/-/scheduler-0.27.0.tgz. Extracting by manifest.
653 silly tarball no local data for @img/sharp-darwin-x64@https://registry.npmjs.org/@img/sharp-darwin-x64/-/sharp-darwin-x64-0.34.5.tgz. Extracting by manifest.
654 silly tarball no local data for nanoid@https://registry.npmjs.org/nanoid/-/nanoid-3.3.11.tgz. Extracting by manifest.
655 silly tarball no local data for tslib@https://registry.npmjs.org/tslib/-/tslib-2.8.1.tgz. Extracting by manifest.
656 silly tarball no local data for picocolors@https://registry.npmjs.org/picocolors/-/picocolors-1.1.1.tgz. Extracting by manifest.
657 silly tarball no local data for sharp@https://registry.npmjs.org/sharp/-/sharp-0.34.5.tgz. Extracting by manifest.
658 silly tarball no local data for caniuse-lite@https://registry.npmjs.org/caniuse-lite/-/caniuse-lite-1.0.30001774.tgz. Extracting by manifest.
659 silly tarball no local data for baseline-browser-mapping@https://registry.npmjs.org/baseline-browser-mapping/-/baseline-browser-mapping-2.10.0.tgz. Extracting by manifest.
660 silly tarball no local data for styled-jsx@https://registry.npmjs.org/styled-jsx/-/styled-jsx-5.1.6.tgz. Extracting by manifest.
661 silly tarball no local data for @swc/helpers@https://registry.npmjs.org/@swc/helpers/-/helpers-0.5.15.tgz. Extracting by manifest.
662 silly tarball no local data for @next/swc-darwin-x64@https://registry.npmjs.org/@next/swc-darwin-x64/-/swc-darwin-x64-16.1.6.tgz. Extracting by manifest.
663 silly tarball no local data for @next/env@https://registry.npmjs.org/@next/env/-/env-16.1.6.tgz. Extracting by manifest.
664 silly tarball no local data for lightningcss-darwin-x64@https://registry.npmjs.org/lightningcss-darwin-x64/-/lightningcss-darwin-x64-1.31.1.tgz. Extracting by manifest.
665 silly tarball no local data for tapable@https://registry.npmjs.org/tapable/-/tapable-2.3.0.tgz. Extracting by manifest.
666 silly tarball no local data for detect-libc@https://registry.npmjs.org/detect-libc/-/detect-libc-2.1.2.tgz. Extracting by manifest.
667 silly tarball no local data for csstype@https://registry.npmjs.org/csstype/-/csstype-3.2.3.tgz. Extracting by manifest.
668 silly tarball no local data for graceful-fs@https://registry.npmjs.org/graceful-fs/-/graceful-fs-4.2.11.tgz. Extracting by manifest.
669 silly tarball no local data for @tailwindcss/oxide-darwin-x64@https://registry.npmjs.org/@tailwindcss/oxide-darwin-x64/-/oxide-darwin-x64-4.2.1.tgz. Extracting by manifest.
670 silly tarball no local data for undici-types@https://registry.npmjs.org/undici-types/-/undici-types-6.21.0.tgz. Extracting by manifest.
671 silly tarball no local data for @jridgewell/resolve-uri@https://registry.npmjs.org/@jridgewell/resolve-uri/-/resolve-uri-3.1.2.tgz. Extracting by manifest.
672 silly tarball no local data for @jridgewell/gen-mapping@https://registry.npmjs.org/@jridgewell/gen-mapping/-/gen-mapping-0.3.13.tgz. Extracting by manifest.
673 silly tarball no local data for @jridgewell/sourcemap-codec@https://registry.npmjs.org/@jridgewell/sourcemap-codec/-/sourcemap-codec-1.5.5.tgz. Extracting by manifest.
674 silly tarball no local data for @jridgewell/trace-mapping@https://registry.npmjs.org/@jridgewell/trace-mapping/-/trace-mapping-0.3.31.tgz. Extracting by manifest.
675 silly tarball no local data for source-map-js@https://registry.npmjs.org/source-map-js/-/source-map-js-1.2.1.tgz. Extracting by manifest.
676 silly tarball no local data for jiti@https://registry.npmjs.org/jiti/-/jiti-2.6.1.tgz. Extracting by manifest.
677 silly tarball no local data for lightningcss@https://registry.npmjs.org/lightningcss/-/lightningcss-1.31.1.tgz. Extracting by manifest.
678 silly tarball no local data for magic-string@https://registry.npmjs.org/magic-string/-/magic-string-0.30.21.tgz. Extracting by manifest.
679 silly tarball no local data for enhanced-resolve@https://registry.npmjs.org/enhanced-resolve/-/enhanced-resolve-5.19.0.tgz. Extracting by manifest.
680 silly tarball no local data for @jridgewell/remapping@https://registry.npmjs.org/@jridgewell/remapping/-/remapping-2.3.5.tgz. Extracting by manifest.
681 silly tarball no local data for @tailwindcss/oxide@https://registry.npmjs.org/@tailwindcss/oxide/-/oxide-4.2.1.tgz. Extracting by manifest.
682 silly tarball no local data for @tailwindcss/node@https://registry.npmjs.org/@tailwindcss/node/-/node-4.2.1.tgz. Extracting by manifest.
683 silly tarball no local data for postcss@https://registry.npmjs.org/postcss/-/postcss-8.5.6.tgz. Extracting by manifest.
684 silly tarball no local data for @alloc/quick-lru@https://registry.npmjs.org/@alloc/quick-lru/-/quick-lru-5.2.0.tgz. Extracting by manifest.
685 silly tarball no local data for react-dom@https://registry.npmjs.org/react-dom/-/react-dom-19.2.3.tgz. Extracting by manifest.
686 silly tarball no local data for typescript@https://registry.npmjs.org/typescript/-/typescript-5.9.3.tgz. Extracting by manifest.
687 silly tarball no local data for tailwindcss@https://registry.npmjs.org/tailwindcss/-/tailwindcss-4.2.1.tgz. Extracting by manifest.
688 silly tarball no local data for @types/react-dom@https://registry.npmjs.org/@types/react-dom/-/react-dom-19.2.3.tgz. Extracting by manifest.
689 silly tarball no local data for @types/react@https://registry.npmjs.org/@types/react/-/react-19.2.14.tgz. Extracting by manifest.
690 silly tarball no local data for next@https://registry.npmjs.org/next/-/next-16.1.6.tgz. Extracting by manifest.
691 silly tarball no local data for react@https://registry.npmjs.org/react/-/react-19.2.3.tgz. Extracting by manifest.
692 silly tarball no local data for @types/node@https://registry.npmjs.org/@types/node/-/node-20.19.35.tgz. Extracting by manifest.
693 silly tarball no local data for @tailwindcss/postcss@https://registry.npmjs.org/@tailwindcss/postcss/-/postcss-4.2.1.tgz. Extracting by manifest.
694 silly tarball no local data for postcss@https://registry.npmjs.org/postcss/-/postcss-8.4.31.tgz. Extracting by manifest.
695 http fetch GET 200 https://registry.npmjs.org/client-only/-/client-only-0.0.1.tgz 307ms (cache miss)
696 http fetch GET 200 https://registry.npmjs.org/scheduler/-/scheduler-0.27.0.tgz 308ms (cache miss)
697 http fetch GET 200 https://registry.npmjs.org/semver/-/semver-7.7.4.tgz 318ms (cache miss)
698 http fetch GET 200 https://registry.npmjs.org/@img/colour/-/colour-1.0.0.tgz 326ms (cache miss)
699 http fetch POST 200 https://registry.npmjs.org/-/npm/v1/security/advisories/bulk 382ms
700 silly audit report {}
701 http fetch GET 200 https://registry.npmjs.org/@emnapi/runtime/-/runtime-1.8.1.tgz 518ms (cache miss)
702 http fetch GET 200 https://registry.npmjs.org/@next/env/-/env-16.1.6.tgz 515ms (cache miss)
703 http fetch GET 200 https://registry.npmjs.org/tapable/-/tapable-2.3.0.tgz 580ms (cache miss)
704 http fetch GET 200 https://registry.npmjs.org/detect-libc/-/detect-libc-2.1.2.tgz 744ms (cache miss)
705 http fetch GET 200 https://registry.npmjs.org/@swc/helpers/-/helpers-0.5.15.tgz 936ms (cache miss)
706 http fetch GET 200 https://registry.npmjs.org/baseline-browser-mapping/-/baseline-browser-mapping-2.10.0.tgz 986ms (cache miss)
707 http fetch GET 200 https://registry.npmjs.org/tslib/-/tslib-2.8.1.tgz 1025ms (cache miss)
708 http fetch GET 200 https://registry.npmjs.org/picocolors/-/picocolors-1.1.1.tgz 1062ms (cache miss)
709 http fetch GET 200 https://registry.npmjs.org/graceful-fs/-/graceful-fs-4.2.11.tgz 1054ms (cache miss)
710 http fetch GET 200 https://registry.npmjs.org/csstype/-/csstype-3.2.3.tgz 1096ms (cache miss)
711 http fetch GET 200 https://registry.npmjs.org/nanoid/-/nanoid-3.3.11.tgz 1226ms (cache miss)
712 http fetch GET 200 https://registry.npmjs.org/undici-types/-/undici-types-6.21.0.tgz 1572ms (cache miss)
713 http fetch GET 200 https://registry.npmjs.org/styled-jsx/-/styled-jsx-5.1.6.tgz 1684ms (cache miss)
714 http fetch GET 200 https://registry.npmjs.org/@jridgewell/resolve-uri/-/resolve-uri-3.1.2.tgz 1687ms (cache miss)
715 http fetch GET 200 https://registry.npmjs.org/@jridgewell/gen-mapping/-/gen-mapping-0.3.13.tgz 1738ms (cache miss)
716 http fetch GET 200 https://registry.npmjs.org/@jridgewell/sourcemap-codec/-/sourcemap-codec-1.5.5.tgz 1809ms (cache miss)
717 http fetch GET 200 https://registry.npmjs.org/source-map-js/-/source-map-js-1.2.1.tgz 1886ms (cache miss)
718 http fetch GET 200 https://registry.npmjs.org/@jridgewell/trace-mapping/-/trace-mapping-0.3.31.tgz 1948ms (cache miss)
719 http fetch GET 200 https://registry.npmjs.org/sharp/-/sharp-0.34.5.tgz 1962ms (cache miss)
720 http fetch GET 200 https://registry.npmjs.org/@img/sharp-darwin-x64/-/sharp-darwin-x64-0.34.5.tgz 2012ms (cache miss)
721 http fetch GET 200 https://registry.npmjs.org/enhanced-resolve/-/enhanced-resolve-5.19.0.tgz 2457ms (cache miss)
722 http fetch GET 200 https://registry.npmjs.org/@jridgewell/remapping/-/remapping-2.3.5.tgz 2529ms (cache miss)
723 http fetch GET 200 https://registry.npmjs.org/@tailwindcss/oxide/-/oxide-4.2.1.tgz 2646ms (cache miss)
724 http fetch GET 200 https://registry.npmjs.org/@tailwindcss/node/-/node-4.2.1.tgz 2741ms (cache miss)
725 http fetch GET 200 https://registry.npmjs.org/@alloc/quick-lru/-/quick-lru-5.2.0.tgz 2827ms (cache miss)
726 http fetch GET 200 https://registry.npmjs.org/lightningcss/-/lightningcss-1.31.1.tgz 3022ms (cache miss)
727 http fetch GET 200 https://registry.npmjs.org/postcss/-/postcss-8.5.6.tgz 3024ms (cache miss)
728 http fetch GET 200 https://registry.npmjs.org/magic-string/-/magic-string-0.30.21.tgz 3124ms (cache miss)
729 http fetch GET 200 https://registry.npmjs.org/@types/react-dom/-/react-dom-19.2.3.tgz 3419ms (cache miss)
730 http fetch GET 200 https://registry.npmjs.org/caniuse-lite/-/caniuse-lite-1.0.30001774.tgz 3846ms (cache miss)
731 http fetch GET 200 https://registry.npmjs.org/@types/react/-/react-19.2.14.tgz 3901ms (cache miss)
732 http fetch GET 200 https://registry.npmjs.org/react/-/react-19.2.3.tgz 4555ms (cache miss)
733 http fetch GET 200 https://registry.npmjs.org/@tailwindcss/postcss/-/postcss-4.2.1.tgz 4678ms (cache miss)
734 http fetch GET 200 https://registry.npmjs.org/postcss/-/postcss-8.4.31.tgz 5046ms (cache miss)
735 http fetch GET 200 https://registry.npmjs.org/tailwindcss/-/tailwindcss-4.2.1.tgz 6277ms (cache miss)
736 http fetch GET 200 https://registry.npmjs.org/@types/node/-/node-20.19.35.tgz 7980ms (cache miss)
737 http fetch GET 200 https://registry.npmjs.org/jiti/-/jiti-2.6.1.tgz 8321ms (cache miss)
738 http fetch GET 200 https://registry.npmjs.org/@tailwindcss/oxide-darwin-x64/-/oxide-darwin-x64-4.2.1.tgz 11472ms (cache miss)
739 http fetch GET 200 https://registry.npmjs.org/react-dom/-/react-dom-19.2.3.tgz 14667ms (cache miss)
740 http fetch GET 200 https://registry.npmjs.org/lightningcss-darwin-x64/-/lightningcss-darwin-x64-1.31.1.tgz 20402ms (cache miss)
741 http fetch GET 200 https://registry.npmjs.org/@img/sharp-libvips-darwin-x64/-/sharp-libvips-darwin-x64-1.2.4.tgz 27242ms (cache miss)
742 http fetch GET 200 https://registry.npmjs.org/typescript/-/typescript-5.9.3.tgz 27407ms (cache miss)
743 http fetch GET 200 https://registry.npmjs.org/@next/swc-darwin-x64/-/swc-darwin-x64-16.1.6.tgz 72545ms (cache miss)
744 http fetch GET 200 https://registry.npmjs.org/next/-/next-16.1.6.tgz 78518ms (cache miss)
745 info run sharp@0.34.5 install node_modules/sharp node install/check.js || npm run build
746 info run sharp@0.34.5 install { code: 0, signal: null }
747 silly ADD node_modules/client-only
748 silly ADD node_modules/@emnapi/runtime
749 silly ADD node_modules/semver
750 silly ADD
751 silly ADD
752 silly ADD
753 silly ADD
754 silly ADD
755 silly ADD
756 silly ADD
757 silly ADD
758 silly ADD
759 silly ADD
760 silly ADD
761 silly ADD
762 silly ADD
763 silly ADD
764 silly ADD
765 silly ADD
766 silly ADD
767 silly ADD
768 silly ADD
769 silly ADD
770 silly ADD node_modules/@img/sharp-libvips-darwin-x64
771 silly ADD
772 silly ADD node_modules/@img/sharp-darwin-x64
773 silly ADD
774 silly ADD node_modules/@img/colour
775 silly ADD node_modules/scheduler
776 silly ADD node_modules/picocolors
777 silly ADD node_modules/nanoid
778 silly ADD node_modules/tslib
779 silly ADD node_modules/styled-jsx
780 silly ADD node_modules/sharp
781 silly ADD node_modules/caniuse-lite
782 silly ADD node_modules/baseline-browser-mapping
783 silly ADD node_modules/@swc/helpers
784 silly ADD
785 silly ADD
786 silly ADD
787 silly ADD
788 silly ADD
789 silly ADD
790 silly ADD node_modules/@next/swc-darwin-x64
791 silly ADD
792 silly ADD node_modules/@next/env
793 silly ADD
794 silly ADD
795 silly ADD
796 silly ADD
797 silly ADD
798 silly ADD
799 silly ADD
800 silly ADD
801 silly ADD node_modules/lightningcss-darwin-x64
802 silly ADD
803 silly ADD
804 silly ADD node_modules/detect-libc
805 silly ADD node_modules/tapable
806 silly ADD node_modules/graceful-fs
807 silly ADD node_modules/csstype
808 silly ADD node_modules/undici-types
809 silly ADD
810 silly ADD
811 silly ADD
812 silly ADD
813 silly ADD
814 silly ADD
815 silly ADD
816 silly ADD
817 silly ADD
818 silly ADD node_modules/@tailwindcss/oxide-darwin-x64
819 silly ADD
820 silly ADD
821 silly ADD node_modules/@jridgewell/resolve-uri
822 silly ADD node_modules/@jridgewell/sourcemap-codec
823 silly ADD node_modules/@jridgewell/trace-mapping
824 silly ADD node_modules/@jridgewell/gen-mapping
825 silly ADD node_modules/source-map-js
826 silly ADD node_modules/magic-string
827 silly ADD node_modules/lightningcss
828 silly ADD node_modules/jiti
829 silly ADD node_modules/enhanced-resolve
830 silly ADD node_modules/@jridgewell/remapping
831 silly ADD node_modules/postcss
832 silly ADD node_modules/@tailwindcss/oxide
833 silly ADD node_modules/@tailwindcss/node
834 silly ADD node_modules/@alloc/quick-lru
835 silly ADD node_modules/typescript
836 silly ADD node_modules/tailwindcss
837 silly ADD node_modules/react-dom
838 silly ADD node_modules/react
839 silly ADD node_modules/next
840 silly ADD node_modules/next/node_modules/postcss
841 silly ADD node_modules/@types/react-dom
842 silly ADD node_modules/@types/react
843 silly ADD node_modules/@types/node
844 silly ADD node_modules/@tailwindcss/postcss
845 verbose cwd /Users/denis/Documents/Apps Development/DevopPortfolio/nextjs-app
846 verbose os Darwin 20.6.0
847 verbose node v20.20.0
848 verbose npm  v10.8.2
849 verbose exit 0
850 info ok
